 BugSplat

 Timestamp is 63d2d24b (Thu Jan 26 19:19:39 2023)

 Preferred load address is 10000000

 Start         Length     Name                   Class
 0001:00000000 00000190H .text$di                CODE
 0001:00000190 0005b53aH .text$mn                CODE
 0001:0005b6ca 00000ec8H .text$x                 CODE
 0001:0005c592 00000123H .text$yd                CODE
 0002:00000000 000002b0H .idata$5                DATA
 0002:000002b0 00000008H .00cfg                  DATA
 0002:000002b8 00000004H .CRT$XCA                DATA
 0002:000002bc 00000004H .CRT$XCL                DATA
 0002:000002c0 00000028H .CRT$XCU                DATA
 0002:000002e8 00000004H .CRT$XCZ                DATA
 0002:000002ec 00000004H .CRT$XIA                DATA
 0002:000002f0 00000018H .CRT$XIC                DATA
 0002:00000308 00000004H .CRT$XIZ                DATA
 0002:0000030c 00000004H .CRT$XLA                DATA
 0002:00000310 00000004H .CRT$XLZ                DATA
 0002:00000314 00000004H .CRT$XPA                DATA
 0002:00000318 00000008H .CRT$XPX                DATA
 0002:00000320 00000004H .CRT$XPXA               DATA
 0002:00000324 00000004H .CRT$XPZ                DATA
 0002:00000328 00000004H .CRT$XTA                DATA
 0002:0000032c 00000004H .CRT$XTZ                DATA
 0002:00000330 00000000H .gfids$y                DATA
 0002:00000330 0000abd0H .rdata                  DATA
 0002:0000af00 00000004H .rdata$CastGuardVftablesA DATA
 0002:0000af04 00000004H .rdata$CastGuardVftablesC DATA
 0002:0000af08 00000018H .rdata$T                DATA
 0002:0000af20 000009b4H .rdata$r                DATA
 0002:0000b8d4 00000144H .rdata$sxdata           DATA
 0002:0000ba18 00000038H .rdata$voltmd           DATA
 0002:0000ba50 00000460H .rdata$zzzdbg           DATA
 0002:0000beb0 00000004H .rtc$IAA                DATA
 0002:0000beb4 00000004H .rtc$IZZ                DATA
 0002:0000beb8 00000004H .rtc$TAA                DATA
 0002:0000bebc 00000004H .rtc$TZZ                DATA
 0002:0000bec0 00000008H .tls                    DATA
 0002:0000bec8 00000014H .tls$                   DATA
 0002:0000bedc 00000004H .tls$ZZZ                DATA
 0002:0000bee0 00001e34H .xdata$x                DATA
 0002:0000dd14 00000004H ATL$__a                 DATA
 0002:0000dd18 00000008H ATL$__z                 DATA
 0002:0000dd20 0000097cH .edata                  DATA
 0002:0000e69c 000000a0H .idata$2                DATA
 0002:0000e73c 00000014H .idata$3                DATA
 0002:0000e750 000002b0H .idata$4                DATA
 0002:0000ea00 00000c02H .idata$6                DATA
 0003:00000000 00000a80H .data                   DATA
 0003:00000a80 000001b8H .data$r                 DATA
 0003:00000c38 00000298H .data$rs                DATA
 0003:00000ed0 000048ecH .bss                    DATA
 0004:00000000 00000120H .rsrc$01                DATA
 0004:00000120 00000b30H .rsrc$02                DATA

  Address         Publics by Value              Rva+Base       Lib:Object

 0000:00000000       ___x64_code_ranges_to_entry_points 00000000     <absolute>
 0000:00000000       ___arm64x_extra_rfe_table_size 00000000     <absolute>
 0000:00000000       ___guard_check_icall_a64n_fptr 00000000     <absolute>
 0000:00000000       ___hybrid_auxiliary_iat    00000000     <absolute>
 0000:00000000       ___dynamic_value_reloc_table 00000000     <absolute>
 0000:00000000       ___arm64x_redirection_metadata_count 00000000     <absolute>
 0000:00000000       ___guard_eh_cont_table     00000000     <absolute>
 0000:00000000       ___guard_fids_table        00000000     <absolute>
 0000:00000000       ___guard_fids_count        00000000     <absolute>
 0000:00000000       ___guard_eh_cont_count     00000000     <absolute>
 0000:00000000       ___enclave_config          00000000     <absolute>
 0000:00000000       ___guard_longjmp_table     00000000     <absolute>
 0000:00000000       ___x64_code_ranges_to_entry_points_count 00000000     <absolute>
 0000:00000000       __except_list              00000000     <absolute>
 0000:00000000       ___AbsoluteZero            00000000     <absolute>
 0000:00000000       ___arm64x_redirection_metadata 00000000     <absolute>
 0000:00000000       ___hybrid_code_map_count   00000000     <absolute>
 0000:00000000       ___guard_iat_table         00000000     <absolute>
 0000:00000000       ___guard_iat_count         00000000     <absolute>
 0000:00000000       ___hybrid_code_map         00000000     <absolute>
 0000:00000000       ___arm64x_extra_rfe_table  00000000     <absolute>
 0000:00000000       ___arm64x_native_entrypoint 00000000     <absolute>
 0000:00000000       ___hybrid_auxiliary_iat_copy 00000000     <absolute>
 0000:00000000       ___guard_longjmp_count     00000000     <absolute>
 0000:0000002c       __tls_array                0000002c     <absolute>
 0000:00000051       ___safe_se_handler_count   00000051     <absolute>
 0000:00000100       ___guard_flags             00000100     <absolute>
 0000:00000000       ___ImageBase               10000000     <linker-defined>
 0001:00000190       ??$AtlAdd@H@ATL@@YAJPAHHH@Z 10001190 f i GenericHTTPClient.obj
 0001:000001b6       ??$AtlAdd@I@ATL@@YAJPAIII@Z 100011b6 f i GenericHTTPClient.obj
 0001:000001d9       ??$AtlAdd@K@ATL@@YAJPAKKK@Z 100011d9 f i GenericHTTPClient.obj
 0001:000001fc       ??$AtlMultiply@I@ATL@@YAJPAIII@Z 100011fc f i GenericHTTPClient.obj
 0001:0000021e       ??$AtlMultiply@K@ATL@@YAJPAKKK@Z 1000121e f i GenericHTTPClient.obj
 0001:00000240       ??$_Allocate@$07U_Default_allocate_traits@std@@$0A@@std@@YAPAXI@Z 10001240 f i GenericHTTPClient.obj
 0001:00000266       ??$_Allocate_manually_vector_aligned@U_Default_allocate_traits@std@@@std@@YAPAXI@Z 10001266 f i GenericHTTPClient.obj
 0001:00000294       ??$_Copy_memmove@PAU__GENERIC_HTTP_ARGUMENT@GenericHTTPClient@@PAU12@@std@@YAPAU__GENERIC_HTTP_ARGUMENT@GenericHTTPClient@@PAU12@00@Z 10001294 f i GenericHTTPClient.obj
 0001:000002b6       ??$_Deallocate@$07$0A@@std@@YAXPAXI@Z 100012b6 f i GenericHTTPClient.obj
 0001:000002e2       ??$_Emplace_reallocate@ABU__GENERIC_HTTP_ARGUMENT@GenericHTTPClient@@@?$vector@U__GENERIC_HTTP_ARGUMENT@GenericHTTPClient@@V?$allocator@U__GENERIC_HTTP_ARGUMENT@GenericHTTPClient@@@std@@@std@@QAEPAU__GENERIC_HTTP_ARGUMENT@GenericHTTPClient@@QAU23@ABU23@@Z 100012e2 f i GenericHTTPClient.obj
 0001:0000039f       ??$_Get_size_of_n@$0KAE@@std@@YAII@Z 1000139f f i GenericHTTPClient.obj
 0001:000003b8       ??$_Uninitialized_move@PAU__GENERIC_HTTP_ARGUMENT@GenericHTTPClient@@V?$allocator@U__GENERIC_HTTP_ARGUMENT@GenericHTTPClient@@@std@@@std@@YAPAU__GENERIC_HTTP_ARGUMENT@GenericHTTPClient@@QAU12@0PAU12@AAV?$allocator@U__GENERIC_HTTP_ARGUMENT@GenericHTTPClient@@@0@@Z 100013b8 f i GenericHTTPClient.obj
 0001:000003e7       ??$emplace_back@ABU__GENERIC_HTTP_ARGUMENT@GenericHTTPClient@@@?$vector@U__GENERIC_HTTP_ARGUMENT@GenericHTTPClient@@V?$allocator@U__GENERIC_HTTP_ARGUMENT@GenericHTTPClient@@@std@@@std@@QAE?A_TABU__GENERIC_HTTP_ARGUMENT@GenericHTTPClient@@@Z 100013e7 f i GenericHTTPClient.obj
 0001:0000041a       ??0?$CStringT@_WV?$StrTraitATL@_WV?$ChTraitsCRT@_W@ATL@@@ATL@@@ATL@@QAE@PBD@Z 1000141a f i GenericHTTPClient.obj
 0001:00000471       ??0?$CStringT@_WV?$StrTraitATL@_WV?$ChTraitsCRT@_W@ATL@@@ATL@@@ATL@@QAE@PB_W@Z 10001471 f i GenericHTTPClient.obj
 0001:000004d6       ??0CAtlComModule@ATL@@QAE@XZ 100014d6 f i GenericHTTPClient.obj
 0001:00000515       ??0CAtlException@ATL@@QAE@J@Z 10001515 f i GenericHTTPClient.obj
 0001:00000523       ??0CAtlStringMgr@ATL@@QAE@PAUIAtlMemMgr@1@@Z 10001523 f i GenericHTTPClient.obj
 0001:0000054f       ??0CAtlWinModule@ATL@@QAE@XZ 1000154f f i GenericHTTPClient.obj
 0001:0000057d       ??0GenericHTTPClient@@QAE@XZ 1000157d f   GenericHTTPClient.obj
 0001:000005ab       ??0_ATL_COM_MODULE70@ATL@@QAE@XZ 100015ab f i GenericHTTPClient.obj
 0001:000005c2       ??0_ATL_WIN_MODULE70@ATL@@QAE@XZ 100015c2 f i GenericHTTPClient.obj
 0001:000005ed       ??0bad_alloc@std@@QAE@ABV01@@Z 100015ed f i GenericHTTPClient.obj
 0001:00000608       ??0bad_array_new_length@std@@QAE@ABV01@@Z 10001608 f i GenericHTTPClient.obj
 0001:00000623       ??0bad_array_new_length@std@@QAE@XZ 10001623 f i GenericHTTPClient.obj
 0001:0000063b       ??0exception@std@@QAE@ABV01@@Z 1000163b f i GenericHTTPClient.obj
 0001:00000667       ??1?$CSimpleStringT@_W$0A@@ATL@@QAE@XZ 10001667 f i GenericHTTPClient.obj
 0001:00000671       ??1?$CStringT@_WV?$StrTraitATL@_WV?$ChTraitsCRT@_W@ATL@@@ATL@@@ATL@@QAE@XZ 10001671 f i GenericHTTPClient.obj
 0001:0000067b       ??1CAtlStringMgr@ATL@@UAE@XZ 1000167b f i GenericHTTPClient.obj
 0001:00000689       ??1CWin32Heap@ATL@@UAE@XZ  10001689 f i GenericHTTPClient.obj
 0001:000006a5       ??1GenericHTTPClient@@UAE@XZ 100016a5 f   GenericHTTPClient.obj
 0001:000006c7       ??1bad_array_new_length@std@@UAE@XZ 100016c7 f i GenericHTTPClient.obj
 0001:000006d8       ??1exception@std@@UAE@XZ   100016d8 f i GenericHTTPClient.obj
 0001:000006e9       ??4?$CStringT@_WV?$StrTraitATL@_WV?$ChTraitsCRT@_W@ATL@@@ATL@@@ATL@@QAEAAV01@PBD@Z 100016e9 f i GenericHTTPClient.obj
 0001:00000737       ??A?$CSimpleArray@GV?$CSimpleArrayEqualHelper@G@ATL@@@ATL@@QAEAAGH@Z 10001737 f i GenericHTTPClient.obj
 0001:0000075c       ??_ECAtlStringMgr@ATL@@UAEPAXI@Z 1000175c f i GenericHTTPClient.obj
 0001:0000075c       ??_GCAtlStringMgr@ATL@@UAEPAXI@Z 1000175c f i GenericHTTPClient.obj
 0001:00000786       ??_ECWin32Heap@ATL@@UAEPAXI@Z 10001786 f i GenericHTTPClient.obj
 0001:00000786       ??_GCWin32Heap@ATL@@UAEPAXI@Z 10001786 f i GenericHTTPClient.obj
 0001:000007a8       ??_EGenericHTTPClient@@UAEPAXI@Z 100017a8 f i GenericHTTPClient.obj
 0001:000007a8       ??_GGenericHTTPClient@@UAEPAXI@Z 100017a8 f i GenericHTTPClient.obj
 0001:000007cd       ??_Ebad_alloc@std@@UAEPAXI@Z 100017cd f i GenericHTTPClient.obj
 0001:000007cd       ??_Gbad_alloc@std@@UAEPAXI@Z 100017cd f i GenericHTTPClient.obj
 0001:000007fa       ??_Gbad_array_new_length@std@@UAEPAXI@Z 100017fa f i GenericHTTPClient.obj
 0001:000007fa       ??_Ebad_array_new_length@std@@UAEPAXI@Z 100017fa f i GenericHTTPClient.obj
 0001:00000827       ??_Eexception@std@@UAEPAXI@Z 10001827 f i GenericHTTPClient.obj
 0001:00000827       ??_Gexception@std@@UAEPAXI@Z 10001827 f i GenericHTTPClient.obj
 0001:00000854       ?AddPutPostArguments@GenericHTTPClient@@QAEXPB_W0H@Z 10001854 f   GenericHTTPClient.obj
 0001:000008d8       ?AddPutPostArguments@GenericHTTPClient@@QAEXPB_WK@Z 100018d8 f   GenericHTTPClient.obj
 0001:00000959       ?Allocate@CAtlStringMgr@ATL@@UAEPAUCStringData@2@HH@Z 10001959 f i GenericHTTPClient.obj
 0001:000009dc       ?Allocate@CWin32Heap@ATL@@UAEPAXI@Z 100019dc f i GenericHTTPClient.obj
 0001:000009f1       ?AtlCrtErrorCheck@ATL@@YAHH@Z 100019f1 f i GenericHTTPClient.obj
 0001:00000a2c       ?AtlFindStringResourceInstance@ATL@@YAPAUHINSTANCE__@@IG@Z 10001a2c f i GenericHTTPClient.obj
 0001:00000a70       ?AtlGetStringResourceImage@ATL@@YAPBUATLSTRINGRESOURCEIMAGE@1@PAUHINSTANCE__@@I@Z 10001a70 f i GenericHTTPClient.obj
 0001:00000aa0       ?AtlGetStringResourceImage@ATL@@YAPBUATLSTRINGRESOURCEIMAGE@1@PAUHINSTANCE__@@IG@Z 10001aa0 f i GenericHTTPClient.obj
 0001:00000ad3       ?AtlThrowImpl@ATL@@YGXJ@Z  10001ad3 f i GenericHTTPClient.obj
 0001:00000af0       ?AtlWinModuleInit@ATL@@YGJPAU_ATL_WIN_MODULE70@1@@Z 10001af0 f i GenericHTTPClient.obj
 0001:00000b16       ?AtlWinModuleTerm@ATL@@YGJPAU_ATL_WIN_MODULE70@1@PAUHINSTANCE__@@@Z 10001b16 f i GenericHTTPClient.obj
 0001:00000b79       ?CheckImplicitLoad@?$CStringT@_WV?$StrTraitATL@_WV?$ChTraitsCRT@_W@ATL@@@ATL@@@ATL@@AAE_NPBX@Z 10001b79 f i GenericHTTPClient.obj
 0001:00000b9d       ?Clone@CAtlStringMgr@ATL@@UAEPAUIAtlStringMgr@2@XZ 10001b9d f i GenericHTTPClient.obj
 0001:00000ba0       ?CloneData@?$CSimpleStringT@_W$0A@@ATL@@CAPAUCStringData@2@PAU32@@Z 10001ba0 f i GenericHTTPClient.obj
 0001:00000bfb       ?Close@GenericHTTPClient@@QAEHXZ 10001bfb f   GenericHTTPClient.obj
 0001:00000c32       ?Connect@GenericHTTPClient@@QAEHV?$CStringT@_WV?$StrTraitATL@_WV?$ChTraitsCRT@_W@ATL@@@ATL@@@ATL@@0G00@Z 10001c32 f   GenericHTTPClient.obj
 0001:00000e2d       ?ConvertToBaseType@?$ChTraitsCRT@_W@ATL@@SAXPA_WHPB_WH@Z 10001e2d f i GenericHTTPClient.obj
 0001:00000e60       ?CopyChars@?$CSimpleStringT@_W$0A@@ATL@@SAXPA_WIPB_WH@Z 10001e60 f i GenericHTTPClient.obj
 0001:00000e7f       ?CopyCharsOverlapped@?$CSimpleStringT@_W$0A@@ATL@@SAXPA_WIPB_WH@Z 10001e7f f i GenericHTTPClient.obj
 0001:00000ed0       ?CopyWideToMultibyte@GenericHTTPClient@@QAEHV?$CStringT@_WV?$StrTraitATL@_WV?$ChTraitsCRT@_W@ATL@@@ATL@@@ATL@@PADKK@Z 10001ed0 f   GenericHTTPClient.obj
 0001:00000f3e       ?DebuggerConsoleMessage@GenericHTTPClient@@QAEXXZ 10001f3e f   GenericHTTPClient.obj
 0001:00000f4f       ?Empty@?$CSimpleStringT@_W$0A@@ATL@@QAEXXZ 10001f4f f i GenericHTTPClient.obj
 0001:00000f84       ?EncodeSpecialCharacters@GenericHTTPClient@@QAE?AV?$CStringT@_WV?$StrTraitATL@_WV?$ChTraitsCRT@_W@ATL@@@ATL@@@ATL@@V23@@Z 10001f84 f   GenericHTTPClient.obj
 0001:00000fe6       ?EnsureLinked@CAtlStringMgrStaticInitializer@ATLImplementationDetails@ATL@@QAEPAXXZ 10001fe6 f i GenericHTTPClient.obj
 0001:00000fe9       ?Fork@?$CSimpleStringT@_W$0A@@ATL@@AAEXH@Z 10001fe9 f i GenericHTTPClient.obj
 0001:00001053       ?Free@CAtlStringMgr@ATL@@UAEXPAUCStringData@2@@Z 10002053 f i GenericHTTPClient.obj
 0001:0000105f       ?Free@CWin32Heap@ATL@@UAEXPAX@Z 1000205f f i GenericHTTPClient.obj
 0001:0000107a       ?GetBaseTypeLength@?$ChTraitsCRT@_W@ATL@@SAHPBD@Z 1000207a f i GenericHTTPClient.obj
 0001:00001092       ?GetContentType@GenericHTTPClient@@QAEPB_WPB_W@Z 10002092 f   GenericHTTPClient.obj
 0001:00001159       ?GetInstance@CAtlStringMgr@ATL@@SAPAUIAtlStringMgr@2@XZ 10002159 f i GenericHTTPClient.obj
 0001:00001208       ?GetNilString@CAtlStringMgr@ATL@@UAEPAUCStringData@2@XZ 10002208 f i GenericHTTPClient.obj
 0001:00001210       ?GetPostArguments@GenericHTTPClient@@QAEKPADK@Z 10002210 f   GenericHTTPClient.obj
 0001:000012f7       ?GetSize@CWin32Heap@ATL@@UAEIPAX@Z 100022f7 f i GenericHTTPClient.obj
 0001:0000130c       ?Init@CComCriticalSection@ATL@@QAEJXZ 1000230c f i GenericHTTPClient.obj
 0001:00001334       ?InitilizePutPostArguments@GenericHTTPClient@@QAEXXZ 10002334 f   GenericHTTPClient.obj
 0001:0000133b       ?LoadStringW@?$CStringT@_WV?$StrTraitATL@_WV?$ChTraitsCRT@_W@ATL@@@ATL@@@ATL@@QAEHI@Z 1000233b f i GenericHTTPClient.obj
 0001:00001361       ?LoadStringW@?$CStringT@_WV?$StrTraitATL@_WV?$ChTraitsCRT@_W@ATL@@@ATL@@@ATL@@QAEHPAUHINSTANCE__@@I@Z 10002361 f i GenericHTTPClient.obj
 0001:000013ab       ?ParseURLW@GenericHTTPClient@@QAEXPB_WPA_WH1H@Z 100023ab f   GenericHTTPClient.obj
 0001:000014b6       ?PrepareWrite2@?$CSimpleStringT@_W$0A@@ATL@@AAEXH@Z 100024b6 f i GenericHTTPClient.obj
 0001:0000150b       ?PrepareWrite@?$CSimpleStringT@_W$0A@@ATL@@AAEPA_WH@Z 1000250b f i GenericHTTPClient.obj
 0001:00001547       ?QueryHTTPResponse@GenericHTTPClient@@QAEPB_WXZ 10002547 f   GenericHTTPClient.obj
 0001:0000154b       ?QueryHTTPResponseHeader@GenericHTTPClient@@QAEPB_WXZ 1000254b f   GenericHTTPClient.obj
 0001:00001552       ?Reallocate@?$CSimpleStringT@_W$0A@@ATL@@AAEXH@Z 10002552 f i GenericHTTPClient.obj
 0001:0000158a       ?Reallocate@CAtlStringMgr@ATL@@UAEPAUCStringData@2@PAU32@HH@Z 1000258a f i GenericHTTPClient.obj
 0001:00001604       ?Reallocate@CWin32Heap@ATL@@UAEPAXPAXI@Z 10002604 f i GenericHTTPClient.obj
 0001:0000163a       ?Reconnect@GenericHTTPClient@@QAEHXZ 1000263a f   GenericHTTPClient.obj
 0001:000016c8       ?Release@CStringData@ATL@@QAEXXZ 100026c8 f i GenericHTTPClient.obj
 0001:000016e0       ?RemoveAll@?$CSimpleArray@GV?$CSimpleArrayEqualHelper@G@ATL@@@ATL@@QAEXXZ 100026e0 f i GenericHTTPClient.obj
 0001:000016fd       ?Replace@?$CStringT@_WV?$StrTraitATL@_WV?$ChTraitsCRT@_W@ATL@@@ATL@@@ATL@@QAEHPB_W0@Z 100026fd f i GenericHTTPClient.obj
 0001:00001890       ?Request@GenericHTTPClient@@QAEHPB_WH0@Z 10002890 f   GenericHTTPClient.obj
 0001:000019e4       ?RequestGet@GenericHTTPClient@@QAEHPB_W@Z 100029e4 f   GenericHTTPClient.obj
 0001:00001a7f       ?RequestOfURI@GenericHTTPClient@@QAEHPB_WH@Z 10002a7f f   GenericHTTPClient.obj
 0001:00001adc       ?RequestPost@GenericHTTPClient@@QAEHPB_W@Z 10002adc f   GenericHTTPClient.obj
 0001:00001bce       ?RequestPut@GenericHTTPClient@@QAEHPB_W@Z 10002bce f   GenericHTTPClient.obj
 0001:00001c31       ?Response@GenericHTTPClient@@QAEHPA_WK0KAAK@Z 10002c31 f   GenericHTTPClient.obj
 0001:00001db0       ?ResponseOfBytes@GenericHTTPClient@@QAEKPAEK@Z 10002db0 f   GenericHTTPClient.obj
 0001:00001dff       ?SendPutFileData@GenericHTTPClient@@QAEKXZ 10002dff f   GenericHTTPClient.obj
 0001:00001eae       ?SetLength@?$CSimpleStringT@_W$0A@@ATL@@AAEXH@Z 10002eae f i GenericHTTPClient.obj
 0001:00001ed9       ?SetString@?$CSimpleStringT@_W$0A@@ATL@@QAEXPB_WH@Z 10002ed9 f i GenericHTTPClient.obj
 0001:00001f4e       ?Term@CAtlComModule@ATL@@QAEXXZ 10002f4e f i GenericHTTPClient.obj
 0001:00001f98       ?ThrowMemoryException@?$CSimpleStringT@_W$0A@@ATL@@KAXXZ 10002f98 f i GenericHTTPClient.obj
 0001:00001fa3       ?_Adjust_manually_vector_aligned@std@@YAXAAPAXAAI@Z 10002fa3 f i GenericHTTPClient.obj
 0001:00001fc7       ?_AtlGetStringResourceImage@ATL@@YAPBUATLSTRINGRESOURCEIMAGE@1@PAUHINSTANCE__@@PAUHRSRC__@@I@Z 10002fc7 f i GenericHTTPClient.obj
 0001:00002024       ?_AtlInitializeCriticalSectionEx@ATL@@YAHPAU_RTL_CRITICAL_SECTION@@KK@Z 10003024 f i GenericHTTPClient.obj
 0001:00002038       ?_AtlRaiseException@ATL@@YAXKK@Z 10003038 f i GenericHTTPClient.obj
 0001:0000204d       ?_Calculate_growth@?$vector@U__GENERIC_HTTP_ARGUMENT@GenericHTTPClient@@V?$allocator@U__GENERIC_HTTP_ARGUMENT@GenericHTTPClient@@@std@@@std@@ABEII@Z 1000304d f i GenericHTTPClient.obj
 0001:00002080       ?_Change_array@?$vector@U__GENERIC_HTTP_ARGUMENT@GenericHTTPClient@@V?$allocator@U__GENERIC_HTTP_ARGUMENT@GenericHTTPClient@@@std@@@std@@AAEXQAU__GENERIC_HTTP_ARGUMENT@GenericHTTPClient@@II@Z 10003080 f i GenericHTTPClient.obj
 0001:000020ca       ?_Throw_bad_array_new_length@std@@YAXXZ 100030ca f i GenericHTTPClient.obj
 0001:000020e7       ?_Tidy@?$vector@U__GENERIC_HTTP_ARGUMENT@GenericHTTPClient@@V?$allocator@U__GENERIC_HTTP_ARGUMENT@GenericHTTPClient@@@std@@@std@@AAEXXZ 100030e7 f i GenericHTTPClient.obj
 0001:00002118       ?_Xlength@?$vector@U__GENERIC_HTTP_ARGUMENT@GenericHTTPClient@@V?$allocator@U__GENERIC_HTTP_ARGUMENT@GenericHTTPClient@@@std@@@std@@CAXXZ 10003118 f i GenericHTTPClient.obj
 0001:00002123       ?memcpy_s@Checked@ATL@@YAXPAXIPBXI@Z 10003123 f i GenericHTTPClient.obj
 0001:00002142       ?memmove_s@Checked@ATL@@YAXPAXIPBXI@Z 10003142 f i GenericHTTPClient.obj
 0001:00002193       ?what@exception@std@@UBEPBDXZ 10003193 f i GenericHTTPClient.obj
 0001:000021a1       ?wmemcpy_s@Checked@ATL@@YAXPA_WIPB_WI@Z 100031a1 f i GenericHTTPClient.obj
 0001:000021c0       ___local_stdio_printf_options 100031c0 f i GenericHTTPClient.obj
 0001:000021c6       __vswprintf_s_l            100031c6 f i GenericHTTPClient.obj
 0001:00002273       _swprintf_s                10003273 f i GenericHTTPClient.obj
 0001:0000228f       ??$AtlAddThrow@H@ATL@@YAHHH@Z 1000328f f i BugSplatImp.obj
 0001:000022b5       ??0?$CSimpleStringT@_W$0A@@ATL@@QAE@PB_WHPAUIAtlStringMgr@1@@Z 100032b5 f i BugSplatImp.obj
 0001:00002316       ??0?$CStringT@_WV?$StrTraitATL@_WV?$ChTraitsCRT@_W@ATL@@@ATL@@@ATL@@QAE@XZ 10003316 f i BugSplatImp.obj
 0001:0000233d       ??0BugSplatImp@@QAE@XZ     1000333d f   BugSplatImp.obj
 0001:0000235b       ??0MiniDmpSender@@QAE@ABV0@@Z 1000335b f i BugSplatImp.obj
 0001:00002373       ??4?$CSimpleStringT@_W$0A@@ATL@@QAEAAV01@ABV01@@Z 10003373 f i BugSplatImp.obj
 0001:000023c3       ??4BugSplatImp@@QAEAAV0@$$QAV0@@Z 100033c3 f i BugSplatImp.obj
 0001:00002420       ??4BugSplatImp@@QAEAAV0@ABV0@@Z 10003420 f i BugSplatImp.obj
 0001:0000243e       ??4MiniDmpSender@@QAEAAV0@ABV0@@Z 1000343e f i BugSplatImp.obj
 0001:00002450       ??A?$CSimpleStringT@_W$0A@@ATL@@QBE_WH@Z 10003450 f i BugSplatImp.obj
 0001:00002474       ??HATL@@YA?AV?$CStringT@_WV?$StrTraitATL@_WV?$ChTraitsCRT@_W@ATL@@@ATL@@@0@ABV10@0@Z 10003474 f i BugSplatImp.obj
 0001:000024db       ??_EMiniDmpSender@@UAEPAXI@Z 100034db f i BugSplatImp.obj
 0001:00002566       ??_GMiniDmpSender@@UAEPAXI@Z 10003566 f i BugSplatImp.obj
 0001:00002588       ?Append@?$CSimpleStringT@_W$0A@@ATL@@QAEXPB_WH@Z 10003588 f i BugSplatImp.obj
 0001:00002614       ?AppendChar@?$CSimpleStringT@_W$0A@@ATL@@QAEX_W@Z 10003614 f i BugSplatImp.obj
 0001:00002641       ?CalculateBeginningOfCallInstruction@@YAHAAI@Z 10003641 f   BugSplatImp.obj
 0001:00002696       ?Concatenate@?$CSimpleStringT@_W$0A@@ATL@@KAXAAV12@PB_WH1H@Z 10003696 f i BugSplatImp.obj
 0001:000026dd       ?CreateMiniDump@BugSplatImp@@QAEHPAUHINSTANCE__@@KPAXKPAU_EXCEPTION_POINTERS@@W4_BS_MINIDUMP_TYPE@MiniDmpSender@@PB_WPA_WK@Z 100036dd f   BugSplatImp.obj
 0001:000028c7       ?CreateMiniDumpFromSnap@@YAHPAXKKW4_BS_MINIDUMP_TYPE@MiniDmpSender@@P6GH0K0W4_MINIDUMP_TYPE@@QAU_MINIDUMP_EXCEPTION_INFORMATION@@QAU_MINIDUMP_USER_STREAM_INFORMATION@@QAU_MINIDUMP_CALLBACK_INFORMATION@@@Z0PAU_CONTEXT@@@Z 100038c7 f   BugSplatImp.obj
 0001:00002a0d       ?Find@?$CStringT@_WV?$StrTraitATL@_WV?$ChTraitsCRT@_W@ATL@@@ATL@@@ATL@@QBEHPB_WH@Z 10003a0d f i BugSplatImp.obj
 0001:00002a47       ?GetManager@?$CStringT@_WV?$StrTraitATL@_WV?$ChTraitsCRT@_W@ATL@@@ATL@@@ATL@@QBEPAUIAtlStringMgr@2@XZ 10003a47 f i BugSplatImp.obj
 0001:00002a66       ?GetReducedGuid@BugSplatImp@@QAEXPA_WK@Z 10003a66 f   BugSplatImp.obj
 0001:00002af0       ?Left@?$CStringT@_WV?$StrTraitATL@_WV?$ChTraitsCRT@_W@ATL@@@ATL@@@ATL@@QBE?AV12@H@Z 10003af0 f i BugSplatImp.obj
 0001:00002b35       ?MakeUpper@?$CStringT@_WV?$StrTraitATL@_WV?$ChTraitsCRT@_W@ATL@@@ATL@@@ATL@@QAEAAV12@XZ 10003b35 f i BugSplatImp.obj
 0001:00002b5d       ?Mid@?$CStringT@_WV?$StrTraitATL@_WV?$ChTraitsCRT@_W@ATL@@@ATL@@@ATL@@QBE?AV12@HH@Z 10003b5d f i BugSplatImp.obj
 0001:00002be3       ?ReduceGuidString@BugSplatImp@@QAEXPA_WK@Z 10003be3 f   BugSplatImp.obj
 0001:00002e88       ?ResumeSuspendedThreads@BugSplatImp@@QAEXXZ 10003e88 f   BugSplatImp.obj
 0001:00002ec2       ?SnapCurrentProcessMinidump@@YAHPAXKKW4_BS_MINIDUMP_TYPE@MiniDmpSender@@P6GH0K0W4_MINIDUMP_TYPE@@QAU_MINIDUMP_EXCEPTION_INFORMATION@@QAU_MINIDUMP_USER_STREAM_INFORMATION@@QAU_MINIDUMP_CALLBACK_INFORMATION@@@Z0@Z 10003ec2 f   BugSplatImp.obj
 0001:00003088       ?StringUppercase@?$ChTraitsCRT@_W@ATL@@SAPA_WPA_WI@Z 10004088 f i BugSplatImp.obj
 0001:000030a4       ?SuspendAllThreadsInProcess@BugSplatImp@@QAEXPAX@Z 100040a4 f   BugSplatImp.obj
 0001:0000314e       ?SuspendThreadsInCurrentProcess@BugSplatImp@@QAEXXZ 1000414e f   BugSplatImp.obj
 0001:0000320c       ?UINTtoWchar_t@@YA_WI@Z    1000420c f   BugSplatImp.obj
 0001:0000322e       ?Wchar_tToUINT@@YAI_W@Z    1000422e f   BugSplatImp.obj
 0001:0000325a       ?combine1_4@@YAIII@Z       1000425a f   BugSplatImp.obj
 0001:0000326b       ?combine2_3@@YAIII@Z       1000426b f   BugSplatImp.obj
 0001:00003280       ?combine3_2@@YAIII@Z       10004280 f   BugSplatImp.obj
 0001:00003296       ?combine4_1@@YAIII@Z       10004296 f   BugSplatImp.obj
 0001:000032a8       ?combineLast3@@YAII@Z      100042a8 f   BugSplatImp.obj
 0001:000032b3       ?createReportAndExit@MiniDmpSender@@QAEXXZ 100042b3 f i BugSplatImp.obj
 0001:000032dd       ??$?8V?$MemoryPoolAllocator@VCrtAllocator@rapidjson@@@rapidjson@@@?$GenericValue@U?$UTF16@_W@rapidjson@@V?$MemoryPoolAllocator@VCrtAllocator@rapidjson@@@2@@rapidjson@@QBE_NABV01@@Z 100042dd f i mdump.obj
 0001:00003423       ??$?A$$CB_W@?$GenericValue@U?$UTF16@_W@rapidjson@@V?$MemoryPoolAllocator@VCrtAllocator@rapidjson@@@2@@rapidjson@@QAEAAV01@PB_W@Z 10004423 f i mdump.obj
 0001:00003478       ??$?AV?$MemoryPoolAllocator@VCrtAllocator@rapidjson@@@rapidjson@@@?$GenericValue@U?$UTF16@_W@rapidjson@@V?$MemoryPoolAllocator@VCrtAllocator@rapidjson@@@2@@rapidjson@@QAEAAV01@ABV01@@Z 10004478 f i mdump.obj
 0001:000034c4       ??$DoFindMember@V?$MemoryPoolAllocator@VCrtAllocator@rapidjson@@@rapidjson@@@?$GenericValue@U?$UTF16@_W@rapidjson@@V?$MemoryPoolAllocator@VCrtAllocator@rapidjson@@@2@@rapidjson@@AAE?AV?$GenericMemberIterator@$0A@U?$UTF16@_W@rapidjson@@V?$MemoryPoolAllocator@VCrtAllocator@rapidjson@@@2@@1@ABV01@@Z 100044c4 f i mdump.obj
 0001:00003504       ??$Encode@V?$StackStream@_W@?$GenericReader@U?$UTF16@_W@rapidjson@@U12@VCrtAllocator@2@@rapidjson@@@?$UTF16@_W@rapidjson@@SAXAAV?$StackStream@_W@?$GenericReader@U?$UTF16@_W@rapidjson@@U12@VCrtAllocator@2@@1@I@Z 10004504 f i mdump.obj
 0001:0000359a       ??$Expand@V?$GenericValue@U?$UTF16@_W@rapidjson@@V?$MemoryPoolAllocator@VCrtAllocator@rapidjson@@@2@@rapidjson@@@?$Stack@VCrtAllocator@rapidjson@@@internal@rapidjson@@AAEXI@Z 1000459a f i mdump.obj
 0001:000035e9       ??$Expand@_W@?$Stack@VCrtAllocator@rapidjson@@@internal@rapidjson@@AAEXI@Z 100045e9 f i mdump.obj
 0001:0000363a       ??$Parse@$0A@U?$GenericStringStream@U?$UTF16@_W@rapidjson@@@rapidjson@@V?$GenericDocument@U?$UTF16@_W@rapidjson@@V?$MemoryPoolAllocator@VCrtAllocator@rapidjson@@@2@VCrtAllocator@2@@2@@?$GenericReader@U?$UTF16@_W@rapidjson@@U12@VCrtAllocator@2@@rapidjson@@QAE?AUParseResult@1@AAU?$GenericStringStream@U?$UTF16@_W@rapidjson@@@1@AAV?$GenericDocument@U?$UTF16@_W@rapidjson@@V?$MemoryPoolAllocator@VCrtAllocator@rapidjson@@@2@VCrtAllocator@2@@1@@Z 1000463a f i mdump.obj
 0001:000036ca       ??$ParseArray@$0A@U?$GenericStringStream@U?$UTF16@_W@rapidjson@@@rapidjson@@V?$GenericDocument@U?$UTF16@_W@rapidjson@@V?$MemoryPoolAllocator@VCrtAllocator@rapidjson@@@2@VCrtAllocator@2@@2@@?$GenericReader@U?$UTF16@_W@rapidjson@@U12@VCrtAllocator@2@@rapidjson@@AAEXAAU?$GenericStringStream@U?$UTF16@_W@rapidjson@@@1@AAV?$GenericDocument@U?$UTF16@_W@rapidjson@@V?$MemoryPoolAllocator@VCrtAllocator@rapidjson@@@2@VCrtAllocator@2@@1@@Z 100046ca f i mdump.obj
 0001:0000379a       ??$ParseFalse@$0A@U?$GenericStringStream@U?$UTF16@_W@rapidjson@@@rapidjson@@V?$GenericDocument@U?$UTF16@_W@rapidjson@@V?$MemoryPoolAllocator@VCrtAllocator@rapidjson@@@2@VCrtAllocator@2@@2@@?$GenericReader@U?$UTF16@_W@rapidjson@@U12@VCrtAllocator@2@@rapidjson@@AAEXAAU?$GenericStringStream@U?$UTF16@_W@rapidjson@@@1@AAV?$GenericDocument@U?$UTF16@_W@rapidjson@@V?$MemoryPoolAllocator@VCrtAllocator@rapidjson@@@2@VCrtAllocator@2@@1@@Z 1000479a f i mdump.obj
 0001:00003808       ??$ParseHex4@U?$GenericStringStream@U?$UTF16@_W@rapidjson@@@rapidjson@@@?$GenericReader@U?$UTF16@_W@rapidjson@@U12@VCrtAllocator@2@@rapidjson@@AAEIAAU?$GenericStringStream@U?$UTF16@_W@rapidjson@@@1@I@Z 10004808 f i mdump.obj
 0001:00003877       ??$ParseNull@$0A@U?$GenericStringStream@U?$UTF16@_W@rapidjson@@@rapidjson@@V?$GenericDocument@U?$UTF16@_W@rapidjson@@V?$MemoryPoolAllocator@VCrtAllocator@rapidjson@@@2@VCrtAllocator@2@@2@@?$GenericReader@U?$UTF16@_W@rapidjson@@U12@VCrtAllocator@2@@rapidjson@@AAEXAAU?$GenericStringStream@U?$UTF16@_W@rapidjson@@@1@AAV?$GenericDocument@U?$UTF16@_W@rapidjson@@V?$MemoryPoolAllocator@VCrtAllocator@rapidjson@@@2@VCrtAllocator@2@@1@@Z 10004877 f i mdump.obj
 0001:000038d9       ??$ParseNumber@$0A@U?$GenericStringStream@U?$UTF16@_W@rapidjson@@@rapidjson@@V?$GenericDocument@U?$UTF16@_W@rapidjson@@V?$MemoryPoolAllocator@VCrtAllocator@rapidjson@@@2@VCrtAllocator@2@@2@@?$GenericReader@U?$UTF16@_W@rapidjson@@U12@VCrtAllocator@2@@rapidjson@@AAEXAAU?$GenericStringStream@U?$UTF16@_W@rapidjson@@@1@AAV?$GenericDocument@U?$UTF16@_W@rapidjson@@V?$MemoryPoolAllocator@VCrtAllocator@rapidjson@@@2@VCrtAllocator@2@@1@@Z 100048d9 f i mdump.obj
 0001:00003f2f       ??$ParseObject@$0A@U?$GenericStringStream@U?$UTF16@_W@rapidjson@@@rapidjson@@V?$GenericDocument@U?$UTF16@_W@rapidjson@@V?$MemoryPoolAllocator@VCrtAllocator@rapidjson@@@2@VCrtAllocator@2@@2@@?$GenericReader@U?$UTF16@_W@rapidjson@@U12@VCrtAllocator@2@@rapidjson@@AAEXAAU?$GenericStringStream@U?$UTF16@_W@rapidjson@@@1@AAV?$GenericDocument@U?$UTF16@_W@rapidjson@@V?$MemoryPoolAllocator@VCrtAllocator@rapidjson@@@2@VCrtAllocator@2@@1@@Z 10004f2f f i mdump.obj
 0001:00004060       ??$ParseStream@$0A@U?$UTF16@_W@rapidjson@@U?$GenericStringStream@U?$UTF16@_W@rapidjson@@@2@@?$GenericDocument@U?$UTF16@_W@rapidjson@@V?$MemoryPoolAllocator@VCrtAllocator@rapidjson@@@2@VCrtAllocator@2@@rapidjson@@QAEAAV01@AAU?$GenericStringStream@U?$UTF16@_W@rapidjson@@@1@@Z 10005060 f i mdump.obj
 0001:000040de       ??$ParseString@$0A@U?$GenericStringStream@U?$UTF16@_W@rapidjson@@@rapidjson@@V?$GenericDocument@U?$UTF16@_W@rapidjson@@V?$MemoryPoolAllocator@VCrtAllocator@rapidjson@@@2@VCrtAllocator@2@@2@@?$GenericReader@U?$UTF16@_W@rapidjson@@U12@VCrtAllocator@2@@rapidjson@@AAEXAAU?$GenericStringStream@U?$UTF16@_W@rapidjson@@@1@AAV?$GenericDocument@U?$UTF16@_W@rapidjson@@V?$MemoryPoolAllocator@VCrtAllocator@rapidjson@@@2@VCrtAllocator@2@@1@_N@Z 100050de f i mdump.obj
 0001:00004342       ??$ParseTrue@$0A@U?$GenericStringStream@U?$UTF16@_W@rapidjson@@@rapidjson@@V?$GenericDocument@U?$UTF16@_W@rapidjson@@V?$MemoryPoolAllocator@VCrtAllocator@rapidjson@@@2@VCrtAllocator@2@@2@@?$GenericReader@U?$UTF16@_W@rapidjson@@U12@VCrtAllocator@2@@rapidjson@@AAEXAAU?$GenericStringStream@U?$UTF16@_W@rapidjson@@@1@AAV?$GenericDocument@U?$UTF16@_W@rapidjson@@V?$MemoryPoolAllocator@VCrtAllocator@rapidjson@@@2@VCrtAllocator@2@@1@@Z 10005342 f i mdump.obj
 0001:000043a5       ??$ParseValue@$0A@U?$GenericStringStream@U?$UTF16@_W@rapidjson@@@rapidjson@@V?$GenericDocument@U?$UTF16@_W@rapidjson@@V?$MemoryPoolAllocator@VCrtAllocator@rapidjson@@@2@VCrtAllocator@2@@2@@?$GenericReader@U?$UTF16@_W@rapidjson@@U12@VCrtAllocator@2@@rapidjson@@AAEXAAU?$GenericStringStream@U?$UTF16@_W@rapidjson@@@1@AAV?$GenericDocument@U?$UTF16@_W@rapidjson@@V?$MemoryPoolAllocator@VCrtAllocator@rapidjson@@@2@VCrtAllocator@2@@1@@Z 100053a5 f i mdump.obj
 0001:0000440f       ??$SkipWhitespace@U?$GenericStringStream@U?$UTF16@_W@rapidjson@@@rapidjson@@@rapidjson@@YAXAAU?$GenericStringStream@U?$UTF16@_W@rapidjson@@@0@@Z 1000540f f i mdump.obj
 0001:0000443f       ??$StringEqual@V?$MemoryPoolAllocator@VCrtAllocator@rapidjson@@@rapidjson@@@?$GenericValue@U?$UTF16@_W@rapidjson@@V?$MemoryPoolAllocator@VCrtAllocator@rapidjson@@@2@@rapidjson@@ABE_NABV01@@Z 1000543f f i mdump.obj
 0001:0000449a       ??$_Destroy_range@V?$allocator@V?$CStringT@_WV?$StrTraitATL@_WV?$ChTraitsCRT@_W@ATL@@@ATL@@@ATL@@@std@@@std@@YAXPAV?$CStringT@_WV?$StrTraitATL@_WV?$ChTraitsCRT@_W@ATL@@@ATL@@@ATL@@QAV12@AAV?$allocator@V?$CStringT@_WV?$StrTraitATL@_WV?$ChTraitsCRT@_W@ATL@@@ATL@@@ATL@@@0@@Z 1000549a f i mdump.obj
 0001:000044b7       ??$_Emplace_reallocate@V?$CStringT@_WV?$StrTraitATL@_WV?$ChTraitsCRT@_W@ATL@@@ATL@@@ATL@@@?$vector@V?$CStringT@_WV?$StrTraitATL@_WV?$ChTraitsCRT@_W@ATL@@@ATL@@@ATL@@V?$allocator@V?$CStringT@_WV?$StrTraitATL@_WV?$ChTraitsCRT@_W@ATL@@@ATL@@@ATL@@@std@@@std@@QAEPAV?$CStringT@_WV?$StrTraitATL@_WV?$ChTraitsCRT@_W@ATL@@@ATL@@@ATL@@QAV23@$$QAV23@@Z 100054b7 f i mdump.obj
 0001:0000459c       ??$_Uninitialized_copy@PAV?$CStringT@_WV?$StrTraitATL@_WV?$ChTraitsCRT@_W@ATL@@@ATL@@@ATL@@V?$allocator@V?$CStringT@_WV?$StrTraitATL@_WV?$ChTraitsCRT@_W@ATL@@@ATL@@@ATL@@@std@@@std@@YAPAV?$CStringT@_WV?$StrTraitATL@_WV?$ChTraitsCRT@_W@ATL@@@ATL@@@ATL@@QAV12@0PAV12@AAV?$allocator@V?$CStringT@_WV?$StrTraitATL@_WV?$ChTraitsCRT@_W@ATL@@@ATL@@@ATL@@@0@@Z 1000559c f i mdump.obj
 0001:000045ec       ??$_Uninitialized_move@PAV?$CStringT@_WV?$StrTraitATL@_WV?$ChTraitsCRT@_W@ATL@@@ATL@@@ATL@@V?$allocator@V?$CStringT@_WV?$StrTraitATL@_WV?$ChTraitsCRT@_W@ATL@@@ATL@@@ATL@@@std@@@std@@YAPAV?$CStringT@_WV?$StrTraitATL@_WV?$ChTraitsCRT@_W@ATL@@@ATL@@@ATL@@QAV12@0PAV12@AAV?$allocator@V?$CStringT@_WV?$StrTraitATL@_WV?$ChTraitsCRT@_W@ATL@@@ATL@@@ATL@@@0@@Z 100055ec f i mdump.obj
 0001:0000463c       ??$construct@V?$CStringT@_WV?$StrTraitATL@_WV?$ChTraitsCRT@_W@ATL@@@ATL@@@ATL@@AAV12@@?$_Default_allocator_traits@V?$allocator@V?$CStringT@_WV?$StrTraitATL@_WV?$ChTraitsCRT@_W@ATL@@@ATL@@@ATL@@@std@@@std@@SAXAAV?$allocator@V?$CStringT@_WV?$StrTraitATL@_WV?$ChTraitsCRT@_W@ATL@@@ATL@@@ATL@@@1@QAV?$CStringT@_WV?$StrTraitATL@_WV?$ChTraitsCRT@_W@ATL@@@ATL@@@ATL@@AAV34@@Z 1000563c f i mdump.obj
 0001:00004658       ??$construct@V?$CStringT@_WV?$StrTraitATL@_WV?$ChTraitsCRT@_W@ATL@@@ATL@@@ATL@@V12@@?$_Default_allocator_traits@V?$allocator@V?$CStringT@_WV?$StrTraitATL@_WV?$ChTraitsCRT@_W@ATL@@@ATL@@@ATL@@@std@@@std@@SAXAAV?$allocator@V?$CStringT@_WV?$StrTraitATL@_WV?$ChTraitsCRT@_W@ATL@@@ATL@@@ATL@@@1@QAV?$CStringT@_WV?$StrTraitATL@_WV?$ChTraitsCRT@_W@ATL@@@ATL@@@ATL@@$$QAV34@@Z 10005658 f i mdump.obj
 0001:00004674       ??$emplace_back@V?$CStringT@_WV?$StrTraitATL@_WV?$ChTraitsCRT@_W@ATL@@@ATL@@@ATL@@@?$vector@V?$CStringT@_WV?$StrTraitATL@_WV?$ChTraitsCRT@_W@ATL@@@ATL@@@ATL@@V?$allocator@V?$CStringT@_WV?$StrTraitATL@_WV?$ChTraitsCRT@_W@ATL@@@ATL@@@ATL@@@std@@@std@@QAE?A_T$$QAV?$CStringT@_WV?$StrTraitATL@_WV?$ChTraitsCRT@_W@ATL@@@ATL@@@ATL@@@Z 10005674 f i mdump.obj
 0001:0000469f       ??0?$CStringT@_WV?$StrTraitATL@_WV?$ChTraitsCRT@_W@ATL@@@ATL@@@ATL@@QAE@PB_WPAUIAtlStringMgr@1@@Z 1000569f f i mdump.obj
 0001:00004700       ??0?$GenericDocument@U?$UTF16@_W@rapidjson@@V?$MemoryPoolAllocator@VCrtAllocator@rapidjson@@@2@VCrtAllocator@2@@rapidjson@@QAE@PAV?$MemoryPoolAllocator@VCrtAllocator@rapidjson@@@1@IPAVCrtAllocator@1@@Z 10005700 f i mdump.obj
 0001:00004786       ??0?$GenericValue@U?$UTF16@_W@rapidjson@@V?$MemoryPoolAllocator@VCrtAllocator@rapidjson@@@2@@rapidjson@@QAE@H@Z 10005786 f i mdump.obj
 0001:000047b7       ??0?$GenericValue@U?$UTF16@_W@rapidjson@@V?$MemoryPoolAllocator@VCrtAllocator@rapidjson@@@2@@rapidjson@@QAE@I@Z 100057b7 f i mdump.obj
 0001:000047e4       ??0?$GenericValue@U?$UTF16@_W@rapidjson@@V?$MemoryPoolAllocator@VCrtAllocator@rapidjson@@@2@@rapidjson@@QAE@PB_WIAAV?$MemoryPoolAllocator@VCrtAllocator@rapidjson@@@1@@Z 100057e4 f i mdump.obj
 0001:0000481e       ??0?$GenericValue@U?$UTF16@_W@rapidjson@@V?$MemoryPoolAllocator@VCrtAllocator@rapidjson@@@2@@rapidjson@@QAE@_J@Z 1000581e f i mdump.obj
 0001:0000488e       ??0?$GenericValue@U?$UTF16@_W@rapidjson@@V?$MemoryPoolAllocator@VCrtAllocator@rapidjson@@@2@@rapidjson@@QAE@_K@Z 1000588e f i mdump.obj
 0001:000048f0       ??0?$MemoryPoolAllocator@VCrtAllocator@rapidjson@@@rapidjson@@QAE@IPAVCrtAllocator@1@@Z 100058f0 f i mdump.obj
 0001:0000496e       ??0MiniDumper@@QAE@XZ      1000596e f   mdump.obj
 0001:00004b07       ??0TotalUptimeAndCrashCalculator@@QAE@PB_W00@Z 10005b07 f i mdump.obj
 0001:00004c14       ??1?$CHeapPtr@_WVCLocalAllocator@ATL@@@ATL@@QAE@XZ 10005c14 f i mdump.obj
 0001:00004c24       ??1?$GenericDocument@U?$UTF16@_W@rapidjson@@V?$MemoryPoolAllocator@VCrtAllocator@rapidjson@@@2@VCrtAllocator@2@@rapidjson@@QAE@XZ 10005c24 f i mdump.obj
 0001:00004c45       ??1?$GenericReader@U?$UTF16@_W@rapidjson@@U12@VCrtAllocator@2@@rapidjson@@QAE@XZ 10005c45 f i mdump.obj
 0001:00004c4a       ??1?$GenericValue@U?$UTF16@_W@rapidjson@@V?$MemoryPoolAllocator@VCrtAllocator@rapidjson@@@2@@rapidjson@@QAE@XZ 10005c4a f i mdump.obj
 0001:00004c4d       ??1?$MemoryPoolAllocator@VCrtAllocator@rapidjson@@@rapidjson@@QAE@XZ 10005c4d f i mdump.obj
 0001:00004c89       ??1?$Stack@VCrtAllocator@rapidjson@@@internal@rapidjson@@QAE@XZ 10005c89 f i mdump.obj
 0001:00004c8e       ??1?$StreamLocalCopy@U?$GenericStringStream@U?$UTF16@_W@rapidjson@@@rapidjson@@$00@internal@rapidjson@@QAE@XZ 10005c8e f i mdump.obj
 0001:00004c9e       ??1?$_Uninitialized_backout_al@V?$allocator@V?$CStringT@_WV?$StrTraitATL@_WV?$ChTraitsCRT@_W@ATL@@@ATL@@@ATL@@@std@@@std@@QAE@XZ 10005c9e f i mdump.obj
 0001:00004caf       ??1?$vector@V?$CStringT@_WV?$StrTraitATL@_WV?$ChTraitsCRT@_W@ATL@@@ATL@@@ATL@@V?$allocator@V?$CStringT@_WV?$StrTraitATL@_WV?$ChTraitsCRT@_W@ATL@@@ATL@@@ATL@@@std@@@std@@QAE@XZ 10005caf f i mdump.obj
 0001:00004cb4       ??1ClearStackOnExit@?$GenericDocument@U?$UTF16@_W@rapidjson@@V?$MemoryPoolAllocator@VCrtAllocator@rapidjson@@@2@VCrtAllocator@2@@rapidjson@@QAE@XZ 10005cb4 f i mdump.obj
 0001:00004cc4       ??1ClearStackOnExit@?$GenericReader@U?$UTF16@_W@rapidjson@@U12@VCrtAllocator@2@@rapidjson@@QAE@XZ 10005cc4 f i mdump.obj
 0001:00004ccd       ??1DumpData@@QAE@XZ        10005ccd f i mdump.obj
 0001:00004cd8       ??1MiniDumper@@UAE@XZ      10005cd8 f   mdump.obj
 0001:00004d7b       ??1ResourceSwitch@@QAE@XZ  10005d7b f i mdump.obj
 0001:00004d8e       ??1TotalUptimeAndCrashCalculator@@QAE@XZ 10005d8e f i mdump.obj
 0001:00004e17       ??4?$GenericValue@U?$UTF16@_W@rapidjson@@V?$MemoryPoolAllocator@VCrtAllocator@rapidjson@@@2@@rapidjson@@QAEAAV01@AAV01@@Z 10005e17 f i mdump.obj
 0001:00004e46       ??8?$GenericValue@U?$UTF16@_W@rapidjson@@V?$MemoryPoolAllocator@VCrtAllocator@rapidjson@@@2@@rapidjson@@QBE_NPB_W@Z 10005e46 f i mdump.obj
 0001:00004e8f       ??B?$CSimpleStringT@_W$0A@@ATL@@QBEPB_WXZ 10005e8f f i mdump.obj
 0001:00004e92       ??HATL@@YA?AV?$CStringT@_WV?$StrTraitATL@_WV?$ChTraitsCRT@_W@ATL@@@ATL@@@0@ABV10@PB_W@Z 10005e92 f i mdump.obj
 0001:00004f04       ??HATL@@YA?AV?$CStringT@_WV?$StrTraitATL@_WV?$ChTraitsCRT@_W@ATL@@@ATL@@@0@PB_WABV10@@Z 10005f04 f i mdump.obj
 0001:00004f7e       ??_G?$CStringT@_WV?$StrTraitATL@_WV?$ChTraitsCRT@_W@ATL@@@ATL@@@ATL@@QAEPAXI@Z 10005f7e f i mdump.obj
 0001:00004fa5       ??_GMiniDumper@@UAEPAXI@Z  10005fa5 f i mdump.obj
 0001:00004fa5       ??_EMiniDumper@@UAEPAXI@Z  10005fa5 f i mdump.obj
 0001:00004fc7       ?AddChunk@?$MemoryPoolAllocator@VCrtAllocator@rapidjson@@@rapidjson@@AAE_NI@Z 10005fc7 f i mdump.obj
 0001:00005018       ?AllocGuardMemory@MiniDumper@@QAE_NXZ 10006018 f   mdump.obj
 0001:0000503c       ?AtlMessageBox@WTL@@YAHPAUHWND__@@V_U_STRINGorID@ATL@@1I@Z 1000603c f i mdump.obj
 0001:00005165       ?Bool@?$GenericDocument@U?$UTF16@_W@rapidjson@@V?$MemoryPoolAllocator@VCrtAllocator@rapidjson@@@2@VCrtAllocator@2@@rapidjson@@QAE_N_N@Z 10006165 f i mdump.obj
 0001:000051a8       ?Clear@?$MemoryPoolAllocator@VCrtAllocator@rapidjson@@@rapidjson@@QAEXXZ 100061a8 f i mdump.obj
 0001:000051c9       ?CreateReportThreaded@MiniDumper@@SGIPAX@Z 100061c9 f   mdump.obj
 0001:00005546       ?Delete@?$CStringT@_WV?$StrTraitATL@_WV?$ChTraitsCRT@_W@ATL@@@ATL@@@ATL@@QAEHHH@Z 10006546 f i mdump.obj
 0001:000055c4       ?Delta@TotalUptimeAndCrashCalculator@@QAE_JU_SYSTEMTIME@@0@Z 100065c4 f i mdump.obj
 0001:00005620       ?Destroy@?$GenericDocument@U?$UTF16@_W@rapidjson@@V?$MemoryPoolAllocator@VCrtAllocator@rapidjson@@@2@VCrtAllocator@2@@rapidjson@@AAEXXZ 10006620 f i mdump.obj
 0001:0000563b       ?Destroy@?$Stack@VCrtAllocator@rapidjson@@@internal@rapidjson@@AAEXXZ 1000663b f i mdump.obj
 0001:00005655       ?Double@?$GenericDocument@U?$UTF16@_W@rapidjson@@V?$MemoryPoolAllocator@VCrtAllocator@rapidjson@@@2@VCrtAllocator@2@@rapidjson@@QAE_NN@Z 10006655 f i mdump.obj
 0001:0000569e       ?EndArray@?$GenericDocument@U?$UTF16@_W@rapidjson@@V?$MemoryPoolAllocator@VCrtAllocator@rapidjson@@@2@VCrtAllocator@2@@rapidjson@@QAE_NI@Z 1000669e f i mdump.obj
 0001:000056c4       ?EndObject@?$GenericDocument@U?$UTF16@_W@rapidjson@@V?$MemoryPoolAllocator@VCrtAllocator@rapidjson@@@2@VCrtAllocator@2@@rapidjson@@QAE_NI@Z 100066c4 f i mdump.obj
 0001:000056ea       ?ExceptionHandler@MiniDumper@@SGJPAU_EXCEPTION_POINTERS@@K@Z 100066ea f   mdump.obj
 0001:000059b8       ?FastPath@internal@rapidjson@@YANNH@Z 100069b8 f i mdump.obj
 0001:000059eb       ?FindMember@?$GenericValue@U?$UTF16@_W@rapidjson@@V?$MemoryPoolAllocator@VCrtAllocator@rapidjson@@@2@@rapidjson@@QAE?AV?$GenericMemberIterator@$0A@U?$UTF16@_W@rapidjson@@V?$MemoryPoolAllocator@VCrtAllocator@rapidjson@@@2@@2@PB_W@Z 100069eb f i mdump.obj
 0001:00005a48       ?Format@?$CStringT@_WV?$StrTraitATL@_WV?$ChTraitsCRT@_W@ATL@@@ATL@@@ATL@@QAAXPB_WZZ 10006a48 f i mdump.obj
 0001:00005a5c       ?Format@?$ChTraitsCRT@_W@ATL@@SAHPA_WIPB_WPAD@Z 10006a5c f i mdump.obj
 0001:00005a8d       ?FormatMessageV@?$CStringT@_WV?$StrTraitATL@_WV?$ChTraitsCRT@_W@ATL@@@ATL@@@ATL@@QAEXPB_WPAPAD@Z 10006a8d f i mdump.obj
 0001:00005bb3       ?FormatMessageW@?$CStringT@_WV?$StrTraitATL@_WV?$ChTraitsCRT@_W@ATL@@@ATL@@@ATL@@QAAXIZZ 10006bb3 f i mdump.obj
 0001:00005c39       ?FormatV@?$CStringT@_WV?$StrTraitATL@_WV?$ChTraitsCRT@_W@ATL@@@ATL@@@ATL@@QAEXPB_WPAD@Z 10006c39 f i mdump.obj
 0001:00005cbf       ?FreeGuardMemory@MiniDumper@@QAE_NXZ 10006cbf f   mdump.obj
 0001:00005cdd       ?GetBuffer@?$CSimpleStringT@_W$0A@@ATL@@QAEPA_WXZ 10006cdd f i mdump.obj
 0001:00005cf4       ?GetDouble@?$GenericValue@U?$UTF16@_W@rapidjson@@V?$MemoryPoolAllocator@VCrtAllocator@rapidjson@@@2@@rapidjson@@QBENXZ 10006cf4 f i mdump.obj
 0001:00005d61       ?GetFormattedLength@?$ChTraitsCRT@_W@ATL@@SAHPB_WPAD@Z 10006d61 f i mdump.obj
 0001:00005d8f       ?GetFullDumpEnabledStatus@MiniDumper@@SA_NXZ 10006d8f f   mdump.obj
 0001:00006084       ?GetMFA@MiniDumper@@SA_NPAXPA_WH@Z 10007084 f   mdump.obj
 0001:00006199       ?GetStringLength@?$GenericValue@U?$UTF16@_W@rapidjson@@V?$MemoryPoolAllocator@VCrtAllocator@rapidjson@@@2@@rapidjson@@QBEIXZ 10007199 f i mdump.obj
 0001:000061b4       ?Int64@?$GenericDocument@U?$UTF16@_W@rapidjson@@V?$MemoryPoolAllocator@VCrtAllocator@rapidjson@@@2@VCrtAllocator@2@@rapidjson@@QAE_N_J@Z 100071b4 f i mdump.obj
 0001:000061ec       ?Int@?$GenericDocument@U?$UTF16@_W@rapidjson@@V?$MemoryPoolAllocator@VCrtAllocator@rapidjson@@@2@VCrtAllocator@2@@rapidjson@@QAE_NH@Z 100071ec f i mdump.obj
 0001:00006221       ?IsError@ParseResult@rapidjson@@QBE_NXZ 10007221 f i mdump.obj
 0001:00006228       ?LaunchHangDetection@MiniDumper@@QAEX_N@Z 10007228 f   mdump.obj
 0001:00006393       ?MakeLower@?$CStringT@_WV?$StrTraitATL@_WV?$ChTraitsCRT@_W@ATL@@@ATL@@@ATL@@QAEAAV12@XZ 10007393 f i mdump.obj
 0001:000063bb       ?Malloc@?$MemoryPoolAllocator@VCrtAllocator@rapidjson@@@rapidjson@@QAEPAXI@Z 100073bb f i mdump.obj
 0001:0000640d       ?Null@?$GenericDocument@U?$UTF16@_W@rapidjson@@V?$MemoryPoolAllocator@VCrtAllocator@rapidjson@@@2@VCrtAllocator@2@@rapidjson@@QAE_NXZ 1000740d f i mdump.obj
 0001:0000643c       ?Realloc@CrtAllocator@rapidjson@@QAEPAXPAXII@Z 1000743c f i mdump.obj
 0001:00006462       ?ReleaseBuffer@?$CSimpleStringT@_W$0A@@ATL@@QAEXH@Z 10007462 f i mdump.obj
 0001:0000648e       ?Resize@?$Stack@VCrtAllocator@rapidjson@@@internal@rapidjson@@AAEXI@Z 1000748e f i mdump.obj
 0001:000064c6       ?ResolveMiniDumpType@MiniDumper@@SA?AW4_BS_MINIDUMP_TYPE@MiniDmpSender@@XZ 100074c6 f   mdump.obj
 0001:00006506       ?SendReportThreaded@MiniDumper@@SGIPAX@Z 10007506 f   mdump.obj
 0001:000069d9       ?SetArrayRaw@?$GenericValue@U?$UTF16@_W@rapidjson@@V?$MemoryPoolAllocator@VCrtAllocator@rapidjson@@@2@@rapidjson@@AAEXPAV12@IAAV?$MemoryPoolAllocator@VCrtAllocator@rapidjson@@@2@@Z 100079d9 f i mdump.obj
 0001:00006a1f       ?SetObjectRaw@?$GenericValue@U?$UTF16@_W@rapidjson@@V?$MemoryPoolAllocator@VCrtAllocator@rapidjson@@@2@@rapidjson@@AAEXPAV?$GenericMember@U?$UTF16@_W@rapidjson@@V?$MemoryPoolAllocator@VCrtAllocator@rapidjson@@@2@@2@IAAV?$MemoryPoolAllocator@VCrtAllocator@rapidjson@@@2@@Z 10007a1f f i mdump.obj
 0001:00006a65       ?SetStringRaw@?$GenericValue@U?$UTF16@_W@rapidjson@@V?$MemoryPoolAllocator@VCrtAllocator@rapidjson@@@2@@rapidjson@@AAEXU?$GenericStringRef@_W@2@AAV?$MemoryPoolAllocator@VCrtAllocator@rapidjson@@@2@@Z 10007a65 f i mdump.obj
 0001:00006aca       ?ShrinkToFit@?$Stack@VCrtAllocator@rapidjson@@@internal@rapidjson@@QAEXXZ 10007aca f i mdump.obj
 0001:00006af6       ?StartArray@?$GenericDocument@U?$UTF16@_W@rapidjson@@V?$MemoryPoolAllocator@VCrtAllocator@rapidjson@@@2@VCrtAllocator@2@@rapidjson@@QAE_NXZ 10007af6 f i mdump.obj
 0001:00006b2e       ?StartObject@?$GenericDocument@U?$UTF16@_W@rapidjson@@V?$MemoryPoolAllocator@VCrtAllocator@rapidjson@@@2@VCrtAllocator@2@@rapidjson@@QAE_NXZ 10007b2e f i mdump.obj
 0001:00006b66       ?String@?$GenericDocument@U?$UTF16@_W@rapidjson@@V?$MemoryPoolAllocator@VCrtAllocator@rapidjson@@@2@VCrtAllocator@2@@rapidjson@@QAE_NPB_WI_N@Z 10007b66 f i mdump.obj
 0001:00006bee       ?StringLowercase@?$ChTraitsCRT@_W@ATL@@SAPA_WPA_WI@Z 10007bee f i mdump.obj
 0001:00006c0a       ?StrtodNormalPrecision@internal@rapidjson@@YANNH@Z 10007c0a f i mdump.obj
 0001:00006c41       ?TerminateHangDetection@MiniDumper@@QAEXXZ 10007c41 f   mdump.obj
 0001:00006c75       ?TopLevelUnhandledExceptionFilter@MiniDumper@@SGJPAU_EXCEPTION_POINTERS@@@Z 10007c75 f   mdump.obj
 0001:00006cd9       ?TrimLeft@?$CStringT@_WV?$StrTraitATL@_WV?$ChTraitsCRT@_W@ATL@@@ATL@@@ATL@@QAEAAV12@XZ 10007cd9 f i mdump.obj
 0001:00006d3d       ?TrimRight@?$CStringT@_WV?$StrTraitATL@_WV?$ChTraitsCRT@_W@ATL@@@ATL@@@ATL@@QAEAAV12@XZ 10007d3d f i mdump.obj
 0001:00006d93       ?Uint64@?$GenericDocument@U?$UTF16@_W@rapidjson@@V?$MemoryPoolAllocator@VCrtAllocator@rapidjson@@@2@VCrtAllocator@2@@rapidjson@@QAE_N_K@Z 10007d93 f i mdump.obj
 0001:00006dcb       ?Uint@?$GenericDocument@U?$UTF16@_W@rapidjson@@V?$MemoryPoolAllocator@VCrtAllocator@rapidjson@@@2@VCrtAllocator@2@@rapidjson@@QAE_NI@Z 10007dcb f i mdump.obj
 0001:00006e00       ?_Calculate_growth@?$vector@V?$CStringT@_WV?$StrTraitATL@_WV?$ChTraitsCRT@_W@ATL@@@ATL@@@ATL@@V?$allocator@V?$CStringT@_WV?$StrTraitATL@_WV?$ChTraitsCRT@_W@ATL@@@ATL@@@ATL@@@std@@@std@@ABEII@Z 10007e00 f i mdump.obj
 0001:00006e2c       ?_Change_array@?$vector@V?$CStringT@_WV?$StrTraitATL@_WV?$ChTraitsCRT@_W@ATL@@@ATL@@@ATL@@V?$allocator@V?$CStringT@_WV?$StrTraitATL@_WV?$ChTraitsCRT@_W@ATL@@@ATL@@@ATL@@@std@@@std@@AAEXQAV?$CStringT@_WV?$StrTraitATL@_WV?$ChTraitsCRT@_W@ATL@@@ATL@@@ATL@@II@Z 10007e2c f i mdump.obj
 0001:00006e71       ?_Destroy@?$vector@V?$CStringT@_WV?$StrTraitATL@_WV?$ChTraitsCRT@_W@ATL@@@ATL@@@ATL@@V?$allocator@V?$CStringT@_WV?$StrTraitATL@_WV?$ChTraitsCRT@_W@ATL@@@ATL@@@ATL@@@std@@@std@@AAEXPAV?$CStringT@_WV?$StrTraitATL@_WV?$ChTraitsCRT@_W@ATL@@@ATL@@@ATL@@0@Z 10007e71 f i mdump.obj
 0001:00006e87       ?_Tidy@?$vector@V?$CStringT@_WV?$StrTraitATL@_WV?$ChTraitsCRT@_W@ATL@@@ATL@@@ATL@@V?$allocator@V?$CStringT@_WV?$StrTraitATL@_WV?$ChTraitsCRT@_W@ATL@@@ATL@@@ATL@@@std@@@std@@AAEXXZ 10007e87 f i mdump.obj
 0001:00006eb9       ?_Xlength@?$vector@V?$CStringT@_WV?$StrTraitATL@_WV?$ChTraitsCRT@_W@ATL@@@ATL@@@ATL@@V?$allocator@V?$CStringT@_WV?$StrTraitATL@_WV?$ChTraitsCRT@_W@ATL@@@ATL@@@ATL@@@std@@@std@@CAXXZ 10007eb9 f i mdump.obj
 0001:00006ec4       ?allocate@?$allocator@V?$CStringT@_WV?$StrTraitATL@_WV?$ChTraitsCRT@_W@ATL@@@ATL@@@ATL@@@std@@QAEPAV?$CStringT@_WV?$StrTraitATL@_WV?$ChTraitsCRT@_W@ATL@@@ATL@@@ATL@@I@Z 10007ec4 f i mdump.obj
 0001:00006ee5       ?bugsplatMessage@MiniDumper@@SAIPB_WII@Z 10007ee5 f   mdump.obj
 0001:00006f22       ?capture@TotalUptimeAndCrashCalculator@@QAEX_N@Z 10007f22 f i mdump.obj
 0001:00007078       ?createAsanReport@MiniDumper@@QAEXPBD@Z 10008078 f   mdump.obj
 0001:0000717b       ?createReport@MiniDumper@@QAEXK@Z 1000817b f   mdump.obj
 0001:0000719d       ?createReport@MiniDumper@@QAEXPAU_EXCEPTION_POINTERS@@@Z 1000819d f   mdump.obj
 0001:000071bf       ?createReport@MiniDumper@@QAEXPB_W@Z 100081bf f   mdump.obj
 0001:000072a8       ?deallocate@?$allocator@V?$CStringT@_WV?$StrTraitATL@_WV?$ChTraitsCRT@_W@ATL@@@ATL@@@ATL@@@std@@QAEXQAV?$CStringT@_WV?$StrTraitATL@_WV?$ChTraitsCRT@_W@ATL@@@ATL@@@ATL@@I@Z 100082a8 f i mdump.obj
 0001:000072c0       ?debugMode@@YA_NXZ         100082c0 f   mdump.obj
 0001:00007332       ?disableNetworkAccess@MiniDumper@@QAE_N_N@Z 10008332 f   mdump.obj
 0001:00007341       ?eatException@@YA_NK@Z     10008341 f i mdump.obj
 0001:000073b6       ?enableExceptionFilter@MiniDumper@@QAE_N_N@Z 100083b6 f   mdump.obj
 0001:000073d5       ?getLogFilePath@MiniDumper@@QAEPB_WXZ 100083d5 f   mdump.obj
 0001:000073d9       ?getMiniDumpType@MiniDumper@@QBE?AW4_BS_MINIDUMP_TYPE@MiniDmpSender@@XZ 100083d9 f   mdump.obj
 0001:000073df       ?getRegistryBase@@YAXAAV?$CStringT@_WV?$StrTraitATL@_WV?$ChTraitsCRT@_W@ATL@@@ATL@@@ATL@@@Z 100083df f   mdump.obj
 0001:000073fc       ?getRegistryRoot@@YAXAAV?$CStringT@_WV?$StrTraitATL@_WV?$ChTraitsCRT@_W@ATL@@@ATL@@@ATL@@PB_W11@Z 100083fc f   mdump.obj
 0001:0000746b       ?initExceptionHandler@MiniDumper@@QAEXPB_W000K@Z 1000846b f   mdump.obj
 0001:000076c3       ?invalid_parameter_handler@@YAXPB_W00II@Z 100086c3 f i mdump.obj
 0001:000076cc       ?isExceptionFilterEnabled@MiniDumper@@QBE_NXZ 100086cc f   mdump.obj
 0001:000076d2       ?isNetworkAccessDisabled@MiniDumper@@QBE_NXZ 100086d2 f   mdump.obj
 0001:000076d8       ?logOutput@@YAXIPB_W_N@Z   100086d8 f   mdump.obj
 0001:00007901       ?removeAdditionalFile@MiniDumper@@QAE_NPB_W@Z 10008901 f   mdump.obj
 0001:00007951       ?resetDescriptionString@MiniDumper@@QAEXPB_W@Z 10008951 f   mdump.obj
 0001:0000797b       ?resetVersionString@MiniDumper@@QAEXPB_W@Z 1000897b f   mdump.obj
 0001:000079a3       ?sendAdditionalFile@MiniDumper@@QAEXPB_W@Z 100089a3 f   mdump.obj
 0001:000079df       ?setCallback@MiniDumper@@QAEXP6A_NIPAX0@Z@Z 100089df f   mdump.obj
 0001:000079ec       ?setDefaultUserDescription@MiniDumper@@QAEXPB_W@Z 100089ec f   mdump.obj
 0001:00007a16       ?setDefaultUserEmail@MiniDumper@@QAEXPB_W@Z 10008a16 f   mdump.obj
 0001:00007a40       ?setDefaultUserName@MiniDumper@@QAEXPB_W@Z 10008a40 f   mdump.obj
 0001:00007a6a       ?setFlags@MiniDumper@@QAE_NK@Z 10008a6a f   mdump.obj
 0001:00007ab2       ?setGuardByteBufferSize@MiniDumper@@QAEHH@Z 10008ab2 f   mdump.obj
 0001:00007ade       ?setHangDetectionTimeout@MiniDumper@@QAEHH@Z 10008ade f   mdump.obj
 0001:00007af4       ?setLogFilePath@MiniDumper@@QAEXPB_W@Z 10008af4 f   mdump.obj
 0001:00007b1e       ?setMiniDumpType@MiniDumper@@QAEXW4_BS_MINIDUMP_TYPE@MiniDmpSender@@@Z 10008b1e f   mdump.obj
 0001:00007b2d       ?setNotes@MiniDumper@@QAEXPB_W@Z 10008b2d f   mdump.obj
 0001:00007b55       ?setResourceDllPath@MiniDumper@@QAEXPB_W@Z 10008b55 f   mdump.obj
 0001:00007b7f       ?setUserZipPath@MiniDumper@@QAEXPB_W@Z 10008b7f f   mdump.obj
 0001:00007ba9       ?signal_handler@@YAXH@Z    10008ba9 f i mdump.obj
 0001:00007bb2       ?terminator@@YAXXZ         10008bb2 f i mdump.obj
 0001:00007bbb       __fwprintf_p               10008bbb f i mdump.obj
 0001:00007bd4       __vfwprintf_l              10008bd4 f i mdump.obj
 0001:00007bf7       __vfwprintf_p_l            10008bf7 f i mdump.obj
 0001:00007c99       _wprintf                   10008c99 f i mdump.obj
 0001:00007cb8       ??0MiniDmpSender@@QAE@PB_W000K@Z 10008cb8 f   BugSplatNative.obj
 0001:00007d4e       ??1MiniDmpSender@@UAE@XZ   10008d4e f   BugSplatNative.obj
 0001:00007d6a       ?createAsanReport@MiniDmpSender@@QAEXPBD@Z 10008d6a f   BugSplatNative.obj
 0001:00007d76       ?createReport@MiniDmpSender@@QAEXPAU_EXCEPTION_POINTERS@@@Z 10008d76 f   BugSplatNative.obj
 0001:00007d82       ?createReport@MiniDmpSender@@QAEXPB_W@Z 10008d82 f   BugSplatNative.obj
 0001:00007d8e       ?disableNetworkAccess@MiniDmpSender@@QAE_N_N@Z 10008d8e f   BugSplatNative.obj
 0001:00007d9a       ?enableExceptionFilter@MiniDmpSender@@QAE_N_N@Z 10008d9a f   BugSplatNative.obj
 0001:00007da6       ?getFlags@MiniDmpSender@@QBEKXZ 10008da6 f   BugSplatNative.obj
 0001:00007dad       ?getMiniDumpType@MiniDmpSender@@QBE?AW4_BS_MINIDUMP_TYPE@1@XZ 10008dad f   BugSplatNative.obj
 0001:00007db5       ?getMinidumpPath@MiniDmpSender@@QAEXPA_WI@Z 10008db5 f   BugSplatNative.obj
 0001:00007dd2       ?imp@MiniDmpSender@@QAEPAXXZ 10008dd2 f   BugSplatNative.obj
 0001:00007dd8       ?isExceptionFilterEnabled@MiniDmpSender@@QBE_NXZ 10008dd8 f   BugSplatNative.obj
 0001:00007de0       ?isNetworkAccessDisabled@MiniDmpSender@@QBE_NXZ 10008de0 f   BugSplatNative.obj
 0001:00007de8       ?removeAdditionalFile@MiniDmpSender@@QAE_NPB_W@Z 10008de8 f   BugSplatNative.obj
 0001:00007df4       ?resetAppIdentifier@MiniDmpSender@@QAEXPB_W@Z 10008df4 f   BugSplatNative.obj
 0001:00007e00       ?resetVersionString@MiniDmpSender@@QAEXPB_W@Z 10008e00 f   BugSplatNative.obj
 0001:00007e0c       ?sendAdditionalFile@MiniDmpSender@@QAEXPB_W@Z 10008e0c f   BugSplatNative.obj
 0001:00007e18       ?setCallback@MiniDmpSender@@QAEXP6A_NIPAX0@Z@Z 10008e18 f   BugSplatNative.obj
 0001:00007e24       ?setDefaultUserDescription@MiniDmpSender@@QAEXPB_W@Z 10008e24 f   BugSplatNative.obj
 0001:00007e30       ?setDefaultUserEmail@MiniDmpSender@@QAEXPB_W@Z 10008e30 f   BugSplatNative.obj
 0001:00007e3c       ?setDefaultUserName@MiniDmpSender@@QAEXPB_W@Z 10008e3c f   BugSplatNative.obj
 0001:00007e48       ?setFlags@MiniDmpSender@@QAE_NK@Z 10008e48 f   BugSplatNative.obj
 0001:00007e54       ?setGuardByteBufferSize@MiniDmpSender@@QAEHH@Z 10008e54 f   BugSplatNative.obj
 0001:00007e60       ?setHangDetectionTimeout@MiniDmpSender@@QAEHH@Z 10008e60 f   BugSplatNative.obj
 0001:00007e6c       ?setLogFilePath@MiniDmpSender@@QAEXPB_W@Z 10008e6c f   BugSplatNative.obj
 0001:00007e78       ?setMiniDumpType@MiniDmpSender@@QAEXW4_BS_MINIDUMP_TYPE@1@@Z 10008e78 f   BugSplatNative.obj
 0001:00007e84       ?setNotes@MiniDmpSender@@QAEXPB_W@Z 10008e84 f   BugSplatNative.obj
 0001:00007e90       ?setResourceDllPath@MiniDmpSender@@QAEXPB_W@Z 10008e90 f   BugSplatNative.obj
 0001:00007e9c       ?setUserZipPath@MiniDmpSender@@QAEXPB_W@Z 10008e9c f   BugSplatNative.obj
 0001:00007ea8       ?unhandledExceptionHandler@MiniDmpSender@@QAEJPAU_EXCEPTION_POINTERS@@@Z 10008ea8 f   BugSplatNative.obj
 0001:00007eb1       ?Lock@CAtlModule@ATL@@UAEJXZ 10008eb1 f i BugSplatNativeApp.obj
 0001:00007ebb       ?Unlock@CAtlModule@ATL@@UAEJXZ 10008ebb f i BugSplatNativeApp.obj
 0001:00007ec5       ?GetLockCount@CAtlModule@ATL@@UAEJXZ 10008ec5 f i BugSplatNativeApp.obj
 0001:00007ec9       ?GetGITPtr@CAtlModule@ATL@@UAEJPAPAUIGlobalInterfaceTable@@@Z 10008ec9 f i BugSplatNativeApp.obj
 0001:00007f15       ?AddCommonRGSReplacements@?$CAtlModuleT@VCComModule@ATL@@@ATL@@UAEJPAUIRegistrarBase@@@Z 10008f15 f i BugSplatNativeApp.obj
 0001:00007f2f       ?UpdateRegistryFromResourceD@CComModule@ATL@@UAGJPB_WHPAU_ATL_REGMAP_ENTRY@2@@Z 10008f2f f i BugSplatNativeApp.obj
 0001:00007f37       ?UpdateRegistryFromResourceD@CComModule@ATL@@UAGJIHPAU_ATL_REGMAP_ENTRY@2@@Z 10008f37 f i BugSplatNativeApp.obj
 0001:00007f3f       ?UpdateRegistryFromResource@CComModule@ATL@@UAGJPB_WHPAU_ATL_REGMAP_ENTRY@2@@Z 10008f3f f i BugSplatNativeApp.obj
 0001:00007f48       ?UpdateRegistryFromResource@CComModule@ATL@@UAGJIHPAU_ATL_REGMAP_ENTRY@2@@Z 10008f48 f i BugSplatNativeApp.obj
 0001:00007f51       ??_GCComModule@ATL@@UAEPAXI@Z 10008f51 f i BugSplatNativeApp.obj
 0001:00007f51       ??_ECComModule@ATL@@UAEPAXI@Z 10008f51 f i BugSplatNativeApp.obj
 0001:00007f79       ??_GCAppModule@WTL@@UAEPAXI@Z 10008f79 f i BugSplatNativeApp.obj
 0001:00007f79       ??_ECAppModule@WTL@@UAEPAXI@Z 10008f79 f i BugSplatNativeApp.obj
 0001:00007fa1       ?QueryInterface@CRegObject@ATL@@UAGJABU_GUID@@PAPAX@Z 10008fa1 f i BugSplatNativeApp.obj
 0001:00007fa9       ?AddRef@CRegObject@ATL@@UAGKXZ 10008fa9 f i BugSplatNativeApp.obj
 0001:00007faf       ?Release@CRegObject@ATL@@UAGKXZ 10008faf f i BugSplatNativeApp.obj
 0001:00007fb4       ?AddReplacement@CRegObject@ATL@@UAGJPB_W0@Z 10008fb4 f i BugSplatNativeApp.obj
 0001:00008013       ?ClearReplacements@CRegObject@ATL@@UAGJXZ 10009013 f i BugSplatNativeApp.obj
 0001:0000803e       ??_GCRegObject@ATL@@UAEPAXI@Z 1000903e f i BugSplatNativeApp.obj
 0001:0000803e       ??_ECRegObject@ATL@@UAEPAXI@Z 1000903e f i BugSplatNativeApp.obj
 0001:00008060       ??$AtlMultiplyThrow@I@ATL@@YAIII@Z 10009060 f i BugSplatNativeApp.obj
 0001:00008086       ??0CAtlModule@ATL@@QAE@XZ  10009086 f i BugSplatNativeApp.obj
 0001:000080c7       ??0CParseBuffer@CRegParser@ATL@@QAE@H@Z 100090c7 f i BugSplatNativeApp.obj
 0001:000080fd       ??0CRegObject@ATL@@QAE@XZ  100090fd f i BugSplatNativeApp.obj
 0001:00008133       ??0_ATL_MODULE70@ATL@@QAE@XZ 10009133 f i BugSplatNativeApp.obj
 0001:0000814a       ??1?$CAtlSafeAllocBufferManager@VCCRTAllocator@ATL@@@_ATL_SAFE_ALLOCA_IMPL@ATL@@QAE@XZ 1000914a f i BugSplatNativeApp.obj
 0001:00008163       ??1?$CAutoVectorPtr@_W@ATL@@QAE@XZ 10009163 f i BugSplatNativeApp.obj
 0001:00008173       ??1?$CTempBuffer@E$0BAA@VCCRTAllocator@ATL@@@ATL@@QAE@XZ 10009173 f i BugSplatNativeApp.obj
 0001:0000817f       ??1?$CTempBuffer@_W$0BAA@VCCRTAllocator@ATL@@@ATL@@QAE@XZ 1000917f f i BugSplatNativeApp.obj
 0001:0000818b       ??1?$CTempBuffer@_W$0EAA@VCCRTAllocator@ATL@@@ATL@@QAE@XZ 1000918b f i BugSplatNativeApp.obj
 0001:00008197       ??1CAtlModule@ATL@@UAE@XZ  10009197 f i BugSplatNativeApp.obj
 0001:0000819c       ??1CParseBuffer@CRegParser@ATL@@QAE@XZ 1000919c f i BugSplatNativeApp.obj
 0001:000081a6       ??1CRegKey@ATL@@QAE@XZ     100091a6 f i BugSplatNativeApp.obj
 0001:000081ab       ??1CRegObject@ATL@@UAE@XZ  100091ab f i BugSplatNativeApp.obj
 0001:000081df       ??A?$CSimpleArray@PAUHWND__@@V?$CSimpleArrayEqualHelper@PAUHWND__@@@ATL@@@ATL@@QAEAAPAUHWND__@@H@Z 100091df f i BugSplatNativeApp.obj
 0001:00008204       ?Add@?$CSimpleMap@PA_WPA_WVCExpansionVectorEqualHelper@ATL@@@ATL@@QAEHABQA_W0@Z 10009204 f i BugSplatNativeApp.obj
 0001:00008259       ?Add@CExpansionVector@ATL@@QAEHPB_W0@Z 10009259 f i BugSplatNativeApp.obj
 0001:00008347       ?AddString@CParseBuffer@CRegParser@ATL@@QAEHPB_W@Z 10009347 f i BugSplatNativeApp.obj
 0001:00008383       ?AddValue@CRegParser@ATL@@IAEJAAVCRegKey@2@PB_WPA_W@Z 10009383 f i BugSplatNativeApp.obj
 0001:00008703       ?Allocate@?$CTempBuffer@E$0BAA@VCCRTAllocator@ATL@@@ATL@@QAEPAEI@Z 10009703 f i BugSplatNativeApp.obj
 0001:00008732       ?Allocate@?$CTempBuffer@_W$0BAA@VCCRTAllocator@ATL@@@ATL@@QAEPA_WI@Z 10009732 f i BugSplatNativeApp.obj
 0001:00008761       ?Allocate@?$CTempBuffer@_W$0EAA@VCCRTAllocator@ATL@@@ATL@@QAEPA_WI@Z 10009761 f i BugSplatNativeApp.obj
 0001:00008790       ?AllocateHeap@?$CTempBuffer@E$0BAA@VCCRTAllocator@ATL@@@ATL@@AAEXI@Z 10009790 f i BugSplatNativeApp.obj
 0001:000087b5       ?AllocateHeap@?$CTempBuffer@_W$0BAA@VCCRTAllocator@ATL@@@ATL@@AAEXI@Z 100097b5 f i BugSplatNativeApp.obj
 0001:000087da       ?AllocateHeap@?$CTempBuffer@_W$0EAA@VCCRTAllocator@ATL@@@ATL@@AAEXI@Z 100097da f i BugSplatNativeApp.obj
 0001:000087ff       ?Append@CParseBuffer@CRegParser@ATL@@QAEHPB_WH@Z 100097ff f i BugSplatNativeApp.obj
 0001:0000888d       ?AtlCoTaskMemCAlloc@ATL@@YAPAXKK@Z 1000988d f i BugSplatNativeApp.obj
 0001:000088ba       ?AtlCoTaskMemRecalloc@ATL@@YAPAXPAXKK@Z 100098ba f i BugSplatNativeApp.obj
 0001:000088ea       ?AtlHresultFromLastError@ATL@@YAJXZ 100098ea f i BugSplatNativeApp.obj
 0001:00008901       ?AtlHresultFromWin32@ATL@@YAJK@Z 10009901 f i BugSplatNativeApp.obj
 0001:00008916       ?CanForceRemoveKey@CRegParser@ATL@@IAEHPB_W@Z 10009916 f i BugSplatNativeApp.obj
 0001:00008945       ?ChToByte@CRegParser@ATL@@KAE_W@Z 10009945 f i BugSplatNativeApp.obj
 0001:000089cd       ?ClearReplacements@CExpansionVector@ATL@@QAEJXZ 100099cd f i BugSplatNativeApp.obj
 0001:00008a0a       ?Close@CRegKey@ATL@@QAEJXZ 10009a0a f i BugSplatNativeApp.obj
 0001:00008a24       ?DeleteSubKey@CRegKey@ATL@@QAEJPB_W@Z 10009a24 f i BugSplatNativeApp.obj
 0001:00008a9d       ?EndOfVar@CRegParser@ATL@@IAEHXZ 10009a9d f i BugSplatNativeApp.obj
 0001:00008abd       ?EscapeSingleQuote@CAtlModule@ATL@@SAXPA_WIPB_W@Z 10009abd f i BugSplatNativeApp.obj
 0001:00008b0c       ?FindKey@?$CSimpleMap@PA_WPA_WVCExpansionVectorEqualHelper@ATL@@@ATL@@QBEHABQA_W@Z 10009b0c f i BugSplatNativeApp.obj
 0001:00008b43       ?FreeHeap@?$CTempBuffer@E$0BAA@VCCRTAllocator@ATL@@@ATL@@AAEXXZ 10009b43 f i BugSplatNativeApp.obj
 0001:00008b4c       ?FreeHeap@?$CTempBuffer@_W$0BAA@VCCRTAllocator@ATL@@@ATL@@AAEXXZ 10009b4c f i BugSplatNativeApp.obj
 0001:00008b55       ?FreeHeap@?$CTempBuffer@_W$0EAA@VCCRTAllocator@ATL@@@ATL@@AAEXXZ 10009b55 f i BugSplatNativeApp.obj
 0001:00008b5e       ?GetKeyAt@?$CSimpleMap@PA_WPA_WVCExpansionVectorEqualHelper@ATL@@@ATL@@QBEAAPA_WH@Z 10009b5e f i BugSplatNativeApp.obj
 0001:00008b83       ?GetValueAt@?$CSimpleMap@PA_WPA_WVCExpansionVectorEqualHelper@ATL@@@ATL@@QBEAAPA_WH@Z 10009b83 f i BugSplatNativeApp.obj
 0001:00008ba9       ?HKeyFromString@CRegParser@ATL@@KAPAUHKEY__@@PA_W@Z 10009ba9 f i BugSplatNativeApp.obj
 0001:00008bd7       ?HasSubKeys@CRegParser@ATL@@IAEHPAUHKEY__@@@Z 10009bd7 f i BugSplatNativeApp.obj
 0001:00008c0c       ?Init@CAppModule@WTL@@QAEJPAU_ATL_OBJMAP_ENTRY30@ATL@@PAUHINSTANCE__@@PBU_GUID@@@Z 10009c0c f i BugSplatNativeApp.obj
 0001:00008c90       ?Init@CComModule@ATL@@QAEJPAU_ATL_OBJMAP_ENTRY30@2@PAUHINSTANCE__@@PBU_GUID@@@Z 10009c90 f i BugSplatNativeApp.obj
 0001:00008cef       ?InternalSetAtIndex@?$CSimpleMap@PA_WPA_WVCExpansionVectorEqualHelper@ATL@@@ATL@@QAEXHABQA_W0@Z 10009cef f i BugSplatNativeApp.obj
 0001:00008d23       ?IsSpace@CRegParser@ATL@@IAEH_W@Z 10009d23 f i BugSplatNativeApp.obj
 0001:00008d49       ?Lookup@?$CSimpleMap@PA_WPA_WVCExpansionVectorEqualHelper@ATL@@@ATL@@QBEPA_WABQA_W@Z 10009d49 f i BugSplatNativeApp.obj
 0001:00008d6f       ?NextToken@CRegParser@ATL@@IAEJPA_W@Z 10009d6f f i BugSplatNativeApp.obj
 0001:00008ea7       ?Open@CRegKey@ATL@@QAEJPAUHKEY__@@PB_WK@Z 10009ea7 f i BugSplatNativeApp.obj
 0001:00008efc       ?PreProcessBuffer@CRegParser@ATL@@QAEJPA_WPAPA_W@Z 10009efc f i BugSplatNativeApp.obj
 0001:00009149       ?RecurseDeleteKey@CRegKey@ATL@@QAEJPB_W@Z 1000a149 f i BugSplatNativeApp.obj
 0001:00009237       ?RegCreateKeyExW@CAtlTransactionManager@ATL@@QAEJPAUHKEY__@@PB_WKPA_WKKQAU_SECURITY_ATTRIBUTES@@PAPAU3@PAK@Z 1000a237 f i BugSplatNativeApp.obj
 0001:0000929a       ?RegDeleteKeyW@CAtlTransactionManager@ATL@@QAEJPAUHKEY__@@PB_W@Z 1000a29a f i BugSplatNativeApp.obj
 0001:000092ec       ?RegOpenKeyExW@CAtlTransactionManager@ATL@@QAEJPAUHKEY__@@PB_WKKPAPAU3@@Z 1000a2ec f i BugSplatNativeApp.obj
 0001:00009343       ?RegisterBuffer@CRegParser@ATL@@QAEJPA_WH@Z 1000a343 f i BugSplatNativeApp.obj
 0001:0000948a       ?RegisterFromResource@CRegObject@ATL@@IAEJPB_W00H@Z 1000a48a f i BugSplatNativeApp.obj
 0001:00009601       ?RegisterSubkeys@CRegParser@ATL@@IAEJPA_WPAUHKEY__@@HH@Z 1000a601 f i BugSplatNativeApp.obj
 0001:00009c80       ?RemoveAll@?$CSimpleArray@PAUHWND__@@V?$CSimpleArrayEqualHelper@PAUHWND__@@@ATL@@@ATL@@QAEXXZ 1000ac80 f i BugSplatNativeApp.obj
 0001:00009c9d       ?RemoveAll@?$CSimpleMap@KPAVCMessageLoop@WTL@@V?$CSimpleMapEqualHelper@KPAVCMessageLoop@WTL@@@ATL@@@ATL@@QAEXXZ 1000ac9d f i BugSplatNativeApp.obj
 0001:00009cc9       ?RemoveAll@?$CSimpleMap@PA_WPA_WVCExpansionVectorEqualHelper@ATL@@@ATL@@QAEXXZ 1000acc9 f i BugSplatNativeApp.obj
 0001:00009cf5       ?ResourceRegister@CRegObject@ATL@@QAGJPB_WI0@Z 1000acf5 f i BugSplatNativeApp.obj
 0001:00009d26       ?ResourceRegisterSz@CRegObject@ATL@@QAGJPB_W00@Z 1000ad26 f i BugSplatNativeApp.obj
 0001:00009d68       ?ResourceUnregister@CRegObject@ATL@@QAGJPB_WI0@Z 1000ad68 f i BugSplatNativeApp.obj
 0001:00009d98       ?ResourceUnregisterSz@CRegObject@ATL@@QAGJPB_W00@Z 1000ad98 f i BugSplatNativeApp.obj
 0001:00009dd7       ?SetMultiStringValue@CRegKey@ATL@@QAEJPB_W0@Z 1000add7 f i BugSplatNativeApp.obj
 0001:00009e1f       ?SetStringValue@CRegKey@ATL@@QAEJPB_W0K@Z 1000ae1f f i BugSplatNativeApp.obj
 0001:00009e59       ?SkipAssignment@CRegParser@ATL@@IAEJPA_W@Z 1000ae59 f i BugSplatNativeApp.obj
 0001:00009ebe       ?SkipWhiteSpace@CRegParser@ATL@@IAEXXZ 1000aebe f i BugSplatNativeApp.obj
 0001:00009ee0       ?StrChrW@CRegParser@ATL@@KAPA_WPA_W_W@Z 1000aee0 f i BugSplatNativeApp.obj
 0001:00009f1d       ?StrFromMap@CRegObject@ATL@@QAEPB_WPA_W@Z 1000af1d f i BugSplatNativeApp.obj
 0001:00009f4b       ?Term@CAppModule@WTL@@QAEXXZ 1000af4b f i BugSplatNativeApp.obj
 0001:00009f75       ?Term@CAtlModule@ATL@@QAEXXZ 1000af75 f i BugSplatNativeApp.obj
 0001:00009fc8       ?Term@CComModule@ATL@@QAEXXZ 1000afc8 f i BugSplatNativeApp.obj
 0001:0000a020       ?TermSettingChangeNotify@CAppModule@WTL@@QAEXXZ 1000b020 f i BugSplatNativeApp.obj
 0001:0000a07a       ?UpdateRegistryFromResource@CAtlModule@ATL@@QAGJIHPAU_ATL_REGMAP_ENTRY@2@@Z 1000b07a f i BugSplatNativeApp.obj
 0001:0000a23f       ?UpdateRegistryFromResource@CAtlModule@ATL@@QAGJPB_WHPAU_ATL_REGMAP_ENTRY@2@@Z 1000b23f f i BugSplatNativeApp.obj
 0001:0000a407       ?VTFromRegType@CRegParser@ATL@@KAHPB_WAAG@Z 1000b407 f i BugSplatNativeApp.obj
 0001:0000a474       ?ocscpy_s@@YA_NPA_WIPB_W@Z 1000b474 f i BugSplatNativeApp.obj
 0001:0000a4ae       _DllMain@12                1000b4ae f   BugSplatNativeApp.obj
 0001:0000a560       ??1stringdispid@CComTypeInfoHolder@ATL@@QAE@XZ 1000b560 f i StdAfx.obj
 0001:0000a569       ??_Estringdispid@CComTypeInfoHolder@ATL@@QAEPAXI@Z 1000b569 f i StdAfx.obj
 0001:0000a5f4       _InternetOpenW@20          1000b5f4 f   wininet:WININET.dll
 0001:0000a5fa       _InternetCloseHandle@4     1000b5fa f   wininet:WININET.dll
 0001:0000a600       _InternetConnectW@32       1000b600 f   wininet:WININET.dll
 0001:0000a606       _InternetReadFile@16       1000b606 f   wininet:WININET.dll
 0001:0000a60c       _InternetQueryOptionW@16   1000b60c f   wininet:WININET.dll
 0001:0000a612       _InternetSetOptionW@16     1000b612 f   wininet:WININET.dll
 0001:0000a618       _HttpOpenRequestW@32       1000b618 f   wininet:WININET.dll
 0001:0000a61e       _HttpSendRequestW@20       1000b61e f   wininet:WININET.dll
 0001:0000a624       _HttpQueryInfoW@20         1000b624 f   wininet:WININET.dll
 0001:0000a62a       _InternetAttemptConnect@4  1000b62a f   wininet:WININET.dll
 0001:0000a630       _PathFileExistsW@4         1000b630 f   shlwapi:SHLWAPI.dll
 0001:0000a636       _PathAppendW@8             1000b636 f   shlwapi:SHLWAPI.dll
 0001:0000a63c       _PathRemoveExtensionW@4    1000b63c f   shlwapi:SHLWAPI.dll
 0001:0000a642       _PathStripPathW@4          1000b642 f   shlwapi:SHLWAPI.dll
 0001:0000a648       _UrlEscapeW@16             1000b648 f   shlwapi:SHLWAPI.dll
 0001:0000a64e       _CreateFileW@28            1000b64e f   kernel32:KERNEL32.dll
 0001:0000a654       _GetFileSize@8             1000b654 f   kernel32:KERNEL32.dll
 0001:0000a65a       _DecodePointer@4           1000b65a f   kernel32:KERNEL32.dll
 0001:0000a660       _CloseHandle@4             1000b660 f   kernel32:KERNEL32.dll
 0001:0000a666       _RaiseException@16         1000b666 f   kernel32:KERNEL32.dll
 0001:0000a66c       _GetLastError@0            1000b66c f   kernel32:KERNEL32.dll
 0001:0000a672       _HeapDestroy@4             1000b672 f   kernel32:KERNEL32.dll
 0001:0000a678       _HeapAlloc@12              1000b678 f   kernel32:KERNEL32.dll
 0001:0000a67e       _HeapReAlloc@16            1000b67e f   kernel32:KERNEL32.dll
 0001:0000a684       _HeapFree@12               1000b684 f   kernel32:KERNEL32.dll
 0001:0000a68a       _HeapSize@12               1000b68a f   kernel32:KERNEL32.dll
 0001:0000a690       _GetProcessHeap@0          1000b690 f   kernel32:KERNEL32.dll
 0001:0000a696       _InitializeCriticalSectionEx@12 1000b696 f   kernel32:KERNEL32.dll
 0001:0000a69c       _DeleteCriticalSection@4   1000b69c f   kernel32:KERNEL32.dll
 0001:0000a6a2       _CreateFileMappingW@24     1000b6a2 f   kernel32:KERNEL32.dll
 0001:0000a6a8       _MapViewOfFile@20          1000b6a8 f   kernel32:KERNEL32.dll
 0001:0000a6ae       _UnmapViewOfFile@4         1000b6ae f   kernel32:KERNEL32.dll
 0001:0000a6b4       _FindResourceExW@16        1000b6b4 f   kernel32:KERNEL32.dll
 0001:0000a6ba       _LoadResource@8            1000b6ba f   kernel32:KERNEL32.dll
 0001:0000a6c0       _LockResource@4            1000b6c0 f   kernel32:KERNEL32.dll
 0001:0000a6c6       _SizeofResource@8          1000b6c6 f   kernel32:KERNEL32.dll
 0001:0000a6cc       _FindResourceW@12          1000b6cc f   kernel32:KERNEL32.dll
 0001:0000a6d2       _MultiByteToWideChar@24    1000b6d2 f   kernel32:KERNEL32.dll
 0001:0000a6d8       _WideCharToMultiByte@32    1000b6d8 f   kernel32:KERNEL32.dll
 0001:0000a6de       _DeleteFileW@4             1000b6de f   kernel32:KERNEL32.dll
 0001:0000a6e4       _GetTempPathW@8            1000b6e4 f   kernel32:KERNEL32.dll
 0001:0000a6ea       _GetCurrentProcess@0       1000b6ea f   kernel32:KERNEL32.dll
 0001:0000a6f0       _GetCurrentProcessId@0     1000b6f0 f   kernel32:KERNEL32.dll
 0001:0000a6f6       _GetCurrentThreadId@0      1000b6f6 f   kernel32:KERNEL32.dll
 0001:0000a6fc       _OpenThread@12             1000b6fc f   kernel32:KERNEL32.dll
 0001:0000a702       _SuspendThread@4           1000b702 f   kernel32:KERNEL32.dll
 0001:0000a708       _ResumeThread@4            1000b708 f   kernel32:KERNEL32.dll
 0001:0000a70e       _GetProcessId@4            1000b70e f   kernel32:KERNEL32.dll
 0001:0000a714       _GetThreadContext@8        1000b714 f   kernel32:KERNEL32.dll
 0001:0000a71a       _GetProcAddress@8          1000b71a f   kernel32:KERNEL32.dll
 0001:0000a720       _LoadLibraryW@4            1000b720 f   kernel32:KERNEL32.dll
 0001:0000a726       _LocalFree@4               1000b726 f   kernel32:KERNEL32.dll
 0001:0000a72c       _FormatMessageW@28         1000b72c f   kernel32:KERNEL32.dll
 0001:0000a732       _CreateToolhelp32Snapshot@8 1000b732 f   kernel32:KERNEL32.dll
 0001:0000a738       _Thread32First@8           1000b738 f   kernel32:KERNEL32.dll
 0001:0000a73e       _Thread32Next@8            1000b73e f   kernel32:KERNEL32.dll
 0001:0000a744       _OutputDebugStringW@4      1000b744 f   kernel32:KERNEL32.dll
 0001:0000a74a       _SetUnhandledExceptionFilter@4 1000b74a f   kernel32:KERNEL32.dll
 0001:0000a750       _SetLastError@4            1000b750 f   kernel32:KERNEL32.dll
 0001:0000a756       _SetErrorMode@4            1000b756 f   kernel32:KERNEL32.dll
 0001:0000a75c       _EnterCriticalSection@4    1000b75c f   kernel32:KERNEL32.dll
 0001:0000a762       _LeaveCriticalSection@4    1000b762 f   kernel32:KERNEL32.dll
 0001:0000a768       _InitializeCriticalSectionAndSpinCount@8 1000b768 f   kernel32:KERNEL32.dll
 0001:0000a76e       _WaitForSingleObject@8     1000b76e f   kernel32:KERNEL32.dll
 0001:0000a774       _TerminateProcess@8        1000b774 f   kernel32:KERNEL32.dll
 0001:0000a77a       _CreateProcessW@40         1000b77a f   kernel32:KERNEL32.dll
 0001:0000a780       _FlushInstructionCache@12  1000b780 f   kernel32:KERNEL32.dll
 0001:0000a786       _OpenProcess@12            1000b786 f   kernel32:KERNEL32.dll
 0001:0000a78c       _GetSystemTime@4           1000b78c f   kernel32:KERNEL32.dll
 0001:0000a792       _VirtualProtect@16         1000b792 f   kernel32:KERNEL32.dll
 0001:0000a798       _VirtualQuery@12           1000b798 f   kernel32:KERNEL32.dll
 0001:0000a79e       _FreeLibrary@4             1000b79e f   kernel32:KERNEL32.dll
 0001:0000a7a4       _GetModuleFileNameW@12     1000b7a4 f   kernel32:KERNEL32.dll
 0001:0000a7aa       _GetModuleHandleW@4        1000b7aa f   kernel32:KERNEL32.dll
 0001:0000a7b0       _WritePrivateProfileStringW@16 1000b7b0 f   kernel32:KERNEL32.dll
 0001:0000a7b6       _SystemTimeToFileTime@8    1000b7b6 f   kernel32:KERNEL32.dll
 0001:0000a7bc       _LoadLibraryExW@12         1000b7bc f   kernel32:KERNEL32.dll
 0001:0000a7c2       _lstrcmpiW@8               1000b7c2 f   kernel32:KERNEL32.dll
 0001:0000a7c8       _UnregisterClassW@8        1000b7c8 f   user32:USER32.dll
 0001:0000a7ce       _MessageBoxW@16            1000b7ce f   user32:USER32.dll
 0001:0000a7d4       _LoadStringW@16            1000b7d4 f   user32:USER32.dll
 0001:0000a7da       _DestroyWindow@4           1000b7da f   user32:USER32.dll
 0001:0000a7e0       _CharNextW@4               1000b7e0 f   user32:USER32.dll
 0001:0000a7e6       _RegCloseKey@4             1000b7e6 f   advapi32:ADVAPI32.dll
 0001:0000a7ec       _RegOpenKeyExW@20          1000b7ec f   advapi32:ADVAPI32.dll
 0001:0000a7f2       _RegQueryValueExW@24       1000b7f2 f   advapi32:ADVAPI32.dll
 0001:0000a7f8       _RegCreateKeyW@12          1000b7f8 f   advapi32:ADVAPI32.dll
 0001:0000a7fe       _RegOpenKeyW@12            1000b7fe f   advapi32:ADVAPI32.dll
 0001:0000a804       _RegSetValueExW@24         1000b804 f   advapi32:ADVAPI32.dll
 0001:0000a80a       _RegCreateKeyExW@36        1000b80a f   advapi32:ADVAPI32.dll
 0001:0000a810       _RegDeleteKeyW@8           1000b810 f   advapi32:ADVAPI32.dll
 0001:0000a816       _RegDeleteValueW@8         1000b816 f   advapi32:ADVAPI32.dll
 0001:0000a81c       _RegEnumKeyExW@32          1000b81c f   advapi32:ADVAPI32.dll
 0001:0000a822       _RegQueryInfoKeyW@48       1000b822 f   advapi32:ADVAPI32.dll
 0001:0000a828       _CoCreateInstance@20       1000b828 f   ole32:ole32.dll
 0001:0000a82e       _CoTaskMemAlloc@4          1000b82e f   ole32:ole32.dll
 0001:0000a834       _CoTaskMemRealloc@8        1000b834 f   ole32:ole32.dll
 0001:0000a83a       _CoTaskMemFree@4           1000b83a f   ole32:ole32.dll
 0001:0000a840       _VarUI4FromStr@16          1000b840 f   oleaut32:OLEAUT32.dll
 0001:0000a846       _SysFreeString@4           1000b846 f   oleaut32:OLEAUT32.dll
 0001:0000a84c       ??$?2PAUHINSTANCE__@@@Wrapper@?$CSimpleArray@PAUHINSTANCE__@@V?$CSimpleArrayEqualHelper@PAUHINSTANCE__@@@ATL@@@ATL@@SAPAXIPAPAUHINSTANCE__@@@Z 1000b84c f i atls:atlbase.obj
 0001:0000a854       ??0?$CComCritSecLock@VCComCriticalSection@ATL@@@ATL@@QAE@AAVCComCriticalSection@1@_N@Z 1000b854 f i atls:atlbase.obj
 0001:0000a87b       ??0?$CSimpleArray@PAUHINSTANCE__@@V?$CSimpleArrayEqualHelper@PAUHINSTANCE__@@@ATL@@@ATL@@QAE@XZ 1000b87b f i atls:atlbase.obj
 0001:0000a888       ??0CAtlBaseModule@ATL@@QAE@XZ 1000b888 f   atls:atlbase.obj
 0001:0000a8db       ??0CComCriticalSection@ATL@@QAE@XZ 1000b8db f i atls:atlbase.obj
 0001:0000a8ef       ??0Wrapper@?$CSimpleArray@PAUHINSTANCE__@@V?$CSimpleArrayEqualHelper@PAUHINSTANCE__@@@ATL@@@ATL@@QAE@ABQAUHINSTANCE__@@@Z 1000b8ef f i atls:atlbase.obj
 0001:0000a8ff       ??0_ATL_BASE_MODULE70@ATL@@QAE@XZ 1000b8ff f i atls:atlbase.obj
 0001:0000a922       ??1?$CComCritSecLock@VCComCriticalSection@ATL@@@ATL@@QAE@XZ 1000b922 f i atls:atlbase.obj
 0001:0000a939       ??1?$CSimpleArray@PAUHINSTANCE__@@V?$CSimpleArrayEqualHelper@PAUHINSTANCE__@@@ATL@@@ATL@@QAE@XZ 1000b939 f i atls:atlbase.obj
 0001:0000a93e       ??1CAtlBaseModule@ATL@@QAE@XZ 1000b93e f   atls:atlbase.obj
 0001:0000a954       ??1CComCriticalSection@ATL@@QAE@XZ 1000b954 f i atls:atlbase.obj
 0001:0000a957       ??1_ATL_BASE_MODULE70@ATL@@QAE@XZ 1000b957 f i atls:atlbase.obj
 0001:0000a95f       ??A?$CSimpleArray@PAUHINSTANCE__@@V?$CSimpleArrayEqualHelper@PAUHINSTANCE__@@@ATL@@@ATL@@QAEAAPAUHINSTANCE__@@H@Z 1000b95f f i atls:atlbase.obj
 0001:0000a984       ?Add@?$CSimpleArray@PAUHINSTANCE__@@V?$CSimpleArrayEqualHelper@PAUHINSTANCE__@@@ATL@@@ATL@@QAEHABQAUHINSTANCE__@@@Z 1000b984 f i atls:atlbase.obj
 0001:0000aa06       ?AddResourceInstance@CAtlBaseModule@ATL@@QAE_NPAUHINSTANCE__@@@Z 1000ba06 f   atls:atlbase.obj
 0001:0000aa39       ?GetHInstanceAt@CAtlBaseModule@ATL@@QAEPAUHINSTANCE__@@H@Z 1000ba39 f   atls:atlbase.obj
 0001:0000aa7e       ?GetSize@?$CSimpleArray@PAUHINSTANCE__@@V?$CSimpleArrayEqualHelper@PAUHINSTANCE__@@@ATL@@@ATL@@QBEHXZ 1000ba7e f i atls:atlbase.obj
 0001:0000aa82       ?InternalSetAtIndex@?$CSimpleArray@PAUHINSTANCE__@@V?$CSimpleArrayEqualHelper@PAUHINSTANCE__@@@ATL@@@ATL@@QAEXHABQAUHINSTANCE__@@@Z 1000ba82 f i atls:atlbase.obj
 0001:0000aa9c       ?Lock@?$CComCritSecLock@VCComCriticalSection@ATL@@@ATL@@QAEJXZ 1000ba9c f i atls:atlbase.obj
 0001:0000aaaf       ?Lock@CComCriticalSection@ATL@@QAEJXZ 1000baaf f i atls:atlbase.obj
 0001:0000aab9       ?RemoveAll@?$CSimpleArray@PAUHINSTANCE__@@V?$CSimpleArrayEqualHelper@PAUHINSTANCE__@@@ATL@@@ATL@@QAEXXZ 1000bab9 f i atls:atlbase.obj
 0001:0000aad6       ?RemoveAt@?$CSimpleArray@PAUHINSTANCE__@@V?$CSimpleArrayEqualHelper@PAUHINSTANCE__@@@ATL@@@ATL@@QAEHH@Z 1000bad6 f i atls:atlbase.obj
 0001:0000ab24       ?RemoveResourceInstance@CAtlBaseModule@ATL@@QAE_NPAUHINSTANCE__@@@Z 1000bb24 f   atls:atlbase.obj
 0001:0000ab81       ?Term@CComCriticalSection@ATL@@QAEJXZ 1000bb81 f i atls:atlbase.obj
 0001:0000ab8b       ?Unlock@?$CComCritSecLock@VCComCriticalSection@ATL@@@ATL@@QAEXXZ 1000bb8b f i atls:atlbase.obj
 0001:0000ab9c       ?Unlock@CComCriticalSection@ATL@@QAEJXZ 1000bb9c f i atls:atlbase.obj
 0001:0000aba6       _HRESULT_FROM_WIN32        1000bba6 f i atls:atlbase.obj
 0001:0000ac06       ??0?$CTraceCategoryEx@$00$0A@@ATL@@QAE@PB_W@Z 1000bc06 f i atls:stdafx.obj
 0001:0000ac0b       ??0?$CTraceCategoryEx@$01$0A@@ATL@@QAE@PB_W@Z 1000bc0b f i atls:stdafx.obj
 0001:0000ac10       ??0?$CTraceCategoryEx@$03$0A@@ATL@@QAE@PB_W@Z 1000bc10 f i atls:stdafx.obj
 0001:0000ac15       ??0?$CTraceCategoryEx@$07$0A@@ATL@@QAE@PB_W@Z 1000bc15 f i atls:stdafx.obj
 0001:0000ac1a       ??0?$CTraceCategoryEx@$0BA@$0A@@ATL@@QAE@PB_W@Z 1000bc1a f i atls:stdafx.obj
 0001:0000ac1f       ??0?$CTraceCategoryEx@$0BAA@$0A@@ATL@@QAE@PB_W@Z 1000bc1f f i atls:stdafx.obj
 0001:0000ac24       ??0?$CTraceCategoryEx@$0BAAA@$0A@@ATL@@QAE@PB_W@Z 1000bc24 f i atls:stdafx.obj
 0001:0000ac29       ??0?$CTraceCategoryEx@$0BAAAA@$0A@@ATL@@QAE@PB_W@Z 1000bc29 f i atls:stdafx.obj
 0001:0000ac2e       ??0?$CTraceCategoryEx@$0BAAAAA@$0A@@ATL@@QAE@PB_W@Z 1000bc2e f i atls:stdafx.obj
 0001:0000ac33       ??0?$CTraceCategoryEx@$0CA@$0A@@ATL@@QAE@PB_W@Z 1000bc33 f i atls:stdafx.obj
 0001:0000ac38       ??0?$CTraceCategoryEx@$0CAA@$0A@@ATL@@QAE@PB_W@Z 1000bc38 f i atls:stdafx.obj
 0001:0000ac3d       ??0?$CTraceCategoryEx@$0CAAA@$0A@@ATL@@QAE@PB_W@Z 1000bc3d f i atls:stdafx.obj
 0001:0000ac42       ??0?$CTraceCategoryEx@$0CAAAA@$0A@@ATL@@QAE@PB_W@Z 1000bc42 f i atls:stdafx.obj
 0001:0000ac47       ??0?$CTraceCategoryEx@$0CAAAAA@$0A@@ATL@@QAE@PB_W@Z 1000bc47 f i atls:stdafx.obj
 0001:0000ac4c       ??0?$CTraceCategoryEx@$0EA@$0A@@ATL@@QAE@PB_W@Z 1000bc4c f i atls:stdafx.obj
 0001:0000ac51       ??0?$CTraceCategoryEx@$0EAA@$0A@@ATL@@QAE@PB_W@Z 1000bc51 f i atls:stdafx.obj
 0001:0000ac56       ??0?$CTraceCategoryEx@$0EAAA@$0A@@ATL@@QAE@PB_W@Z 1000bc56 f i atls:stdafx.obj
 0001:0000ac5b       ??0?$CTraceCategoryEx@$0EAAAA@$0A@@ATL@@QAE@PB_W@Z 1000bc5b f i atls:stdafx.obj
 0001:0000ac60       ??0?$CTraceCategoryEx@$0EAAAAA@$0A@@ATL@@QAE@PB_W@Z 1000bc60 f i atls:stdafx.obj
 0001:0000ac65       ??0?$CTraceCategoryEx@$0IA@$0A@@ATL@@QAE@PB_W@Z 1000bc65 f i atls:stdafx.obj
 0001:0000ac6a       ??0?$CTraceCategoryEx@$0IAA@$0A@@ATL@@QAE@PB_W@Z 1000bc6a f i atls:stdafx.obj
 0001:0000ac6f       ??0?$CTraceCategoryEx@$0IAAA@$0A@@ATL@@QAE@PB_W@Z 1000bc6f f i atls:stdafx.obj
 0001:0000ac74       ??0?$CTraceCategoryEx@$0IAAAA@$0A@@ATL@@QAE@PB_W@Z 1000bc74 f i atls:stdafx.obj
 0001:0000ac79       ??_I@YGXPAXIIP6EX0@Z@Z     1000bc79 f i atls:stdafx.obj
 0001:0000acac       ??0bad_alloc@std@@QAE@XZ   1000bcac f i libcpmt:xthrow.obj
 0001:0000acc4       ??0bad_function_call@std@@QAE@ABV01@@Z 1000bcc4 f i libcpmt:xthrow.obj
 0001:0000acdf       ??0bad_function_call@std@@QAE@XZ 1000bcdf f i libcpmt:xthrow.obj
 0001:0000acf0       ??0exception@std@@QAE@QBD@Z 1000bcf0 f i libcpmt:xthrow.obj
 0001:0000ad25       ??0exception@std@@QAE@QBDH@Z 1000bd25 f i libcpmt:xthrow.obj
 0001:0000ad42       ??0exception@std@@QAE@XZ   1000bd42 f i libcpmt:xthrow.obj
 0001:0000ad53       ??0invalid_argument@std@@QAE@ABV01@@Z 1000bd53 f i libcpmt:xthrow.obj
 0001:0000ad6e       ??0invalid_argument@std@@QAE@PBD@Z 1000bd6e f i libcpmt:xthrow.obj
 0001:0000ad8d       ??0length_error@std@@QAE@ABV01@@Z 1000bd8d f i libcpmt:xthrow.obj
 0001:0000ada8       ??0length_error@std@@QAE@PBD@Z 1000bda8 f i libcpmt:xthrow.obj
 0001:0000adc7       ??0logic_error@std@@QAE@ABV01@@Z 1000bdc7 f i libcpmt:xthrow.obj
 0001:0000ade2       ??0logic_error@std@@QAE@PBD@Z 1000bde2 f i libcpmt:xthrow.obj
 0001:0000ae01       ??0out_of_range@std@@QAE@ABV01@@Z 1000be01 f i libcpmt:xthrow.obj
 0001:0000ae1c       ??0out_of_range@std@@QAE@PBD@Z 1000be1c f i libcpmt:xthrow.obj
 0001:0000ae3b       ??0overflow_error@std@@QAE@ABV01@@Z 1000be3b f i libcpmt:xthrow.obj
 0001:0000ae56       ??0overflow_error@std@@QAE@PBD@Z 1000be56 f i libcpmt:xthrow.obj
 0001:0000ae75       ??0regex_error@std@@QAE@ABV01@@Z 1000be75 f i libcpmt:xthrow.obj
 0001:0000ae99       ??0regex_error@std@@QAE@W4error_type@regex_constants@1@@Z 1000be99 f i libcpmt:xthrow.obj
 0001:0000aec7       ??0runtime_error@std@@QAE@ABV01@@Z 1000bec7 f i libcpmt:xthrow.obj
[...]
 0002:0000df59       $N00004                    1006bf59     BugSplat.exp
 0002:0000df72       $N00005                    1006bf72     BugSplat.exp
 0002:0000df94       $N00006                    1006bf94     BugSplat.exp
 0002:0000dfb4       $N00007                    1006bfb4     BugSplat.exp
 0002:0000dfd6       $N00008                    1006bfd6     BugSplat.exp
 0002:0000dfed       $N00009                    1006bfed     BugSplat.exp
 0002:0000e06a       $N00010                    1006c06a     BugSplat.exp
 0002:0000e093       $N00011                    1006c093     BugSplat.exp
 0002:0000e0be       $N00012                    1006c0be     BugSplat.exp
 0002:0000e0ea       $N00013                    1006c0ea     BugSplat.exp
 0002:0000e11d       $N00014                    1006c11d     BugSplat.exp
 0002:0000e151       $N00015                    1006c151     BugSplat.exp
 0002:0000e17c       $N00016                    1006c17c     BugSplat.exp
 0002:0000e1b8       $N00017                    1006c1b8     BugSplat.exp
 0002:0000e1e0       $N00018                    1006c1e0     BugSplat.exp
 0002:0000e20b       $N00019                    1006c20b     BugSplat.exp
 0002:0000e23a       $N00020                    1006c23a     BugSplat.exp
 0002:0000e26a       $N00021                    1006c26a     BugSplat.exp
 0002:0000e28a       $N00022                    1006c28a     BugSplat.exp
 0002:0000e2c8       $N00023                    1006c2c8     BugSplat.exp
 0002:0000e2f4       $N00024                    1006c2f4     BugSplat.exp
 0002:0000e311       $N00025                    1006c311     BugSplat.exp
 0002:0000e342       $N00026                    1006c342     BugSplat.exp
 0002:0000e372       $N00027                    1006c372     BugSplat.exp
 0002:0000e3a3       $N00028                    1006c3a3     BugSplat.exp
 0002:0000e3d1       $N00029                    1006c3d1     BugSplat.exp
 0002:0000e3ff       $N00030                    1006c3ff     BugSplat.exp
 0002:0000e42d       $N00031                    1006c42d     BugSplat.exp
 0002:0000e45c       $N00032                    1006c45c     BugSplat.exp
 0002:0000e491       $N00033                    1006c491     BugSplat.exp
 0002:0000e4c0       $N00034                    1006c4c0     BugSplat.exp
 0002:0000e4ee       $N00035                    1006c4ee     BugSplat.exp
 0002:0000e510       $N00036                    1006c510     BugSplat.exp
 0002:0000e53f       $N00037                    1006c53f     BugSplat.exp
 0002:0000e56f       $N00038                    1006c56f     BugSplat.exp
 0002:0000e599       $N00039                    1006c599     BugSplat.exp
 0002:0000e5d6       $N00040                    1006c5d6     BugSplat.exp
 0002:0000e5fa       $N00041                    1006c5fa     BugSplat.exp
 0002:0000e628       $N00042                    1006c628     BugSplat.exp
 0002:0000e652       $N00043                    1006c652     BugSplat.exp
 0002:0000ead0       .idata$6                   1006cad0     wininet:WININET.dll
 0002:0000eb34       .idata$6                   1006cb34     shlwapi:SHLWAPI.dll
 0002:0000efd4       .idata$6                   1006cfd4     kernel32:KERNEL32.dll
 0002:0000f02e       .idata$6                   1006d02e     user32:USER32.dll
 0002:0000f0f4       .idata$6                   1006d0f4     advapi32:ADVAPI32.dll
 0002:0000f14c       .idata$6                   1006d14c     ole32:ole32.dll
 0002:0000f156       .idata$6                   1006d156     oleaut32:OLEAUT32.dll
 0002:0000f194       .idata$6                   1006d194     Rpcrt4:RPCRT4.dll
 0003:00000040       ?__vcrt_flsindex@@3KA      1006e040     libvcruntime:per_thread_data.obj
 0003:00000050       ?prefix@?1??getDimension@UnDecorator@@CA?AVDName@@_N@Z@4UStringLiteral@@A 1006e050     libvcruntime:undname.obj
 0003:00000070       ?errno_no_memory@@3HA      1006e070     libucrt:errno.obj
 0003:00000074       ?doserrno_no_memory@@3KA   1006e074     libucrt:errno.obj
 0003:00000130       ?__acrt_flsindex@@3KA      1006e130     libucrt:per_thread_data.obj
 0003:00000134       __ctype_loc_style          1006e134     libucrt:wsetlocale.obj
 0003:00000238       ?tzstd_program@@3PADA      1006e238     libucrt:timeset.obj
 0003:00000278       ?tzdst_program@@3PADA      1006e278     libucrt:timeset.obj
 0003:000002b8       ?w_tzstd_program@@3PA_WA   1006e2b8     libucrt:timeset.obj
 0003:00000338       ?w_tzdst_program@@3PA_WA   1006e338     libucrt:timeset.obj
 0003:000003b8       ?tzname_states@@3PAY01PADA 1006e3b8     libucrt:timeset.obj
 0003:000003c0       ?w_tzname_states@@3PAY01PA_WA 1006e3c0     libucrt:timeset.obj
 0003:000003c8       ?dststart@@3Utransitiondate@?A0x7639d0b4@@A 1006e3c8     libucrt:tzset.obj
 0003:000003d4       ?dstend@@3Utransitiondate@?A0x7639d0b4@@A 1006e3d4     libucrt:tzset.obj
 0003:00000600       __mbctypes                 1006e600     libucrt:mbctype.obj
 0003:00000708       __mbcasemaps               1006e708     libucrt:mbctype.obj
 0003:00000808       ?__rgctypeflag@@3PADA      1006e808     libucrt:mbctype.obj
 0003:00000810       ?__rgcode_page_info@@3PAUcode_page_info@@A 1006e810     libucrt:mbctype.obj
 0003:00000900       ?__DAZ_ENABLED@?1??__set_fpsr_sse2@@9@9 1006e900     libucrt:fpctrl.obj
 0003:00000a70       ?__dcrt_lowio_console_output_handle@@3PAXA 1006ea70     libucrt:initcon.obj
 0003:00000fe0       ?dwBytes@?1??ResponseOfBytes@GenericHTTPClient@@QAEKPAEK@Z@4KA 1006efe0     GenericHTTPClient.obj
 0003:00000fe8       ?szReturn@?1??GetContentType@GenericHTTPClient@@QAEPB_WPB_W@Z@4PA_WA 1006efe8     GenericHTTPClient.obj
 0003:00003830       ?crashReportFile@?1??createReport@MiniDumper@@QAEXPB_W@Z@4PA_WA 10071830     mdump.obj
 0003:00003a38       ?crashReportFile@?1??createAsanReport@MiniDumper@@QAEXPBD@Z@4PA_WA 10071a38     mdump.obj
 0003:00003c40       ?szMFA@?1??SendReportThreaded@MiniDumper@@SGIPAX@Z@4PA_WA 10071c40     mdump.obj
 0003:00003e48       ?szSendReport@?1??SendReportThreaded@MiniDumper@@SGIPAX@Z@4PA_WA 10071e48     mdump.obj
 0003:00004050       ?szIniFile@?1??SendReportThreaded@MiniDumper@@SGIPAX@Z@4PA_WA 10072050     mdump.obj
 0003:00004258       ?startupInfo@?1??SendReportThreaded@MiniDumper@@SGIPAX@Z@4U_STARTUPINFOW@@A 10072258     mdump.obj
 0003:0000429c       ?processInfo@?1??SendReportThreaded@MiniDumper@@SGIPAX@Z@4U_PROCESS_INFORMATION@@A 1007229c     mdump.obj
 0003:000042ac       ?strApp@?1??SendReportThreaded@MiniDumper@@SGIPAX@Z@4V?$CStringT@_WV?$StrTraitATL@_WV?$ChTraitsCRT@_W@ATL@@@ATL@@@ATL@@A 100722ac     mdump.obj
 0003:000042b0       ?$TSS0@?1??SendReportThreaded@MiniDumper@@SGIPAX@Z@4HA 100722b0     mdump.obj
 0003:000042b8       ?startupInfo@?1??LaunchHangDetection@MiniDumper@@QAEX_N@Z@4U_STARTUPINFOW@@A 100722b8     mdump.obj
 0003:000042fc       ?processInfo@?1??LaunchHangDetection@MiniDumper@@QAEX_N@Z@4U_PROCESS_INFORMATION@@A 100722fc     mdump.obj
 0003:000043e4       ?atlTraceUI@WTL@@3VCTraceCategory@ATL@@B 100723e4     StdAfx.obj
 0003:0000442c       ?is_initialized_as_dll@@3_NA 1007242c     LIBCMT:utility.obj
 0003:0000442d       ?module_local_atexit_table_initialized@@3_NA 1007242d     LIBCMT:utility.obj
 0003:00004430       ?module_local_atexit_table@@3U_onexit_table_t@@A 10072430     LIBCMT:utility.obj
 0003:0000443c       ?module_local_at_quick_exit_table@@3U_onexit_table_t@@A 1007243c     LIBCMT:utility.obj
 0003:00004448       ?g_tss_cv@@3U_RTL_CONDITION_VARIABLE@@A 10072448     LIBCMT:thread_safe_statics.obj
 0003:0000444c       ?g_tss_event@@3PAXA        1007244c     LIBCMT:thread_safe_statics.obj
 0003:00004450       ?g_tss_mutex@@3U_RTL_CRITICAL_SECTION@@A 10072450     LIBCMT:thread_safe_statics.obj
 0003:00004468       ?g_sleep_condition_variable_cs@@3P6GHPAU_RTL_CONDITION_VARIABLE@@PAU_RTL_CRITICAL_SECTION@@K@ZA 10072468     LIBCMT:thread_safe_statics.obj
 0003:0000446c       ?g_wake_all_condition_variable@@3P6GXPAU_RTL_CONDITION_VARIABLE@@@ZA 1007246c     LIBCMT:thread_safe_statics.obj
 0003:00004478       _GS_ExceptionRecord        10072478     LIBCMT:gs_report.obj
 0003:000044c8       _GS_ContextRecord          100724c8     LIBCMT:gs_report.obj
 0003:00004794       ?__proc_attached@@3HA      10072794     LIBCMT:dll_dllmain.obj
 0003:000047bc       ?__vcrt_startup_thread_ptd@@3U__vcrt_ptd@@A 100727bc     libvcruntime:per_thread_data.obj
 0003:000047e8       ___vcrt_lock_table         100727e8     libvcruntime:locks.obj
 0003:00004800       ___vcrt_locks_initialized  10072800     libvcruntime:locks.obj
 0003:0000482c       ?heap@@3V_HeapManager@@A   1007282c     libvcruntime:undname.obj
 0003:00004840       ?module_handles@@3PAPAUHINSTANCE__@@A 10072840     libvcruntime:winapi_downlevel.obj
 0003:0000484c       ?function_pointers@@3PAPAXA 1007284c     libvcruntime:winapi_downlevel.obj
 0003:00004860       ?__acrt_invalid_parameter_handler@@3V?$dual_state_global@P6AXPB_W00II@Z@__crt_state_management@@A 10072860     libucrt:invalid_parameter.obj
 0003:00004864       ?c_termination_complete@@3JA 10072864     libucrt:exit.obj
 0003:00004868       ?thread_local_exit_callback_func@@3P6GXPAXK0@ZA 10072868     libucrt:exit.obj
 0003:0000487c       ?console_ctrl_handler_installed@@3_NA 1007287c     libucrt:signal.obj
 0003:00004880       ?ctrlc_action@@3V?$dual_state_global@P6AXH@Z@__crt_state_management@@A 10072880     libucrt:signal.obj
 0003:00004884       ?ctrlbreak_action@@3V?$dual_state_global@P6AXH@Z@__crt_state_management@@A 10072884     libucrt:signal.obj
 0003:00004888       ?abort_action@@3V?$dual_state_global@P6AXH@Z@__crt_state_management@@A 10072888     libucrt:signal.obj
 0003:0000488c       ?term_action@@3V?$dual_state_global@P6AXH@Z@__crt_state_management@@A 1007288c     libucrt:signal.obj
 0003:00004890       ?__acrt_new_handler@@3V?$dual_state_global@P6AHI@Z@__crt_state_management@@A 10072890     libucrt:new_handler.obj
 0003:00004898       ?program_name@?1???$common_configure_argv@D@@YAHW4_crt_argv_mode@@@Z@4PADA 10072898     libucrt:argv_parsing.obj
 0003:000049a0       ?program_name@?1???$common_configure_argv@_W@@YAHW4_crt_argv_mode@@@Z@4PA_WA 100729a0     libucrt:argv_parsing.obj
 0003:00004bdc       ?internal_state@?1??_mbtowc_internal@@9@4U_Mbstatet@@A 10072bdc     libucrt:mbtowc.obj
 0003:00004be4       ?enable_percent_n@@3IA     10072be4     libucrt:printf_count_output.obj
 0003:00004df8       ?__acrt_lock_table@@3PAU_RTL_CRITICAL_SECTION@@A 10072df8     libucrt:locks.obj
 0003:00004f48       ?__acrt_locks_initialized@@3IA 10072f48     libucrt:locks.obj
 0003:00004f4c       ?state_cache@?1???$get_cached_win_policy@Ubegin_thread_init_policy_properties@?1??__acrt_get_begin_thread_init_policy@@YA?AW4begin_thread_init_policy@@XZ@@@YA?AW4begin_thread_init_policy@@W4AppPolicyThreadInitializationType@@@Z@4JA 10072f4c     libucrt:win_policies.obj
 0003:00004f50       ?state_cache@?1???$get_cached_win_policy@Udeveloper_information_policy_properties@?1??__acrt_get_developer_information_policy@@YA?AW4developer_information_policy@@XZ@@@YA?AW4developer_information_policy@@W4AppPolicyShowDeveloperDiagnostic@@@Z@4JA 10072f50     libucrt:win_policies.obj
 0003:00004f54       ?state_cache@?1???$get_cached_win_policy@Uwindowing_model_policy_properties@?1??__acrt_get_windowing_model_policy@@YA?AW4windowing_model_policy@@XZ@@@YA?AW4windowing_model_policy@@W4AppPolicyWindowingModel@@@Z@4JA 10072f54     libucrt:win_policies.obj
 0003:00004f58       ?module_handles@@3PAPAUHINSTANCE__@@A 10072f58     libucrt:winapi_thunks.obj
 0003:00004fa8       ?encoded_function_pointers@@3PAPAXA 10072fa8     libucrt:winapi_thunks.obj
 0003:00005030       ?static_enum_proc@?1??enum_system_locales_ex_nolock@@YAHQ6GHPA_WKJ@Z@Z@4P6GH0KJ@ZA 10073030     libucrt:winapi_thunks.obj
 0003:00005040       ?_tzname@@3V?$dual_state_global@PAPAD@__crt_state_management@@A 10073040     libucrt:timeset.obj
 0003:00005044       ?w_tzname@@3V?$dual_state_global@PAPA_W@__crt_state_management@@A 10073044     libucrt:timeset.obj
 0003:00005048       ?last_wide_tz@@3PA_WA      10073048     libucrt:tzset.obj
 0003:00005050       ?tz_api_used@@3HA          10073050     libucrt:tzset.obj
 0003:00005054       ?tzset_init_state@@3V?$dual_state_global@J@__crt_state_management@@A 10073054     libucrt:tzset.obj
 0003:00005058       ?tz_info@@3U_TIME_ZONE_INFORMATION@@A 10073058     libucrt:tzset.obj
 0003:00005110       ?fSystemSet@@3HA           10073110     libucrt:mbctype.obj
 0003:00005114       ?initialized@?1??__acrt_initialize_multibyte@@9@4_NA 10073114     libucrt:mbctype.obj
 0003:00005138       ?user_matherr@@3V?$dual_state_global@P6AHPAU_exception@@@Z@__crt_state_management@@A 10073138     libucrt:matherr.obj
 0003:00005144       ?__acrt_global_new_mode@@3V?$dual_state_global@J@__crt_state_management@@A 10073144     libucrt:new_mode.obj
 0003:00005148       ?mbst@?1??mbrlen@@9@4U_Mbstatet@@A 10073148     libucrt:mbrtowc.obj
 0003:00005150       ?mbst@?1??mbrtowc@@9@4U_Mbstatet@@A 10073150     libucrt:mbrtowc.obj
 0003:00005158       ?mbst@?1??_mbsrtowcs_helper@@YAIPA_WPAPBDIPAU_Mbstatet@@AAV__crt_cached_ptd_host@@@Z@4U2@A 10073158     libucrt:mbrtowc.obj
 0003:00005164       ?internal_pst@?1??__mbrtoc32_utf8@__crt_mbstring@@YAIPA_UPBDIPAU_Mbstatet@@AAV__crt_cached_ptd_host@@@Z@4U3@A 10073164     libucrt:mbrtoc32.obj
 0003:0000516c       ?__acrt_app_type@@3W4_crt_app_type@@A 1007316c     libucrt:report_runtime_error.obj
 0003:00005170       ?outmsg@?9??__acrt_report_runtime_error@@9@4PA_WA 10073170     libucrt:report_runtime_error.obj
 0003:000057a0       __pmatherr_set             100737a0     libucrt:libm_error.obj
 0003:000057a4       ___acrt_error_mode         100737a4     libucrt:set_error_mode.obj
 0004:00000120       $R000000                   10074120     BugSplatNative.res
 0004:00000478       $R000358                   10074478     BugSplatNative.res
 0004:000006b0       $R000590                   100746b0     BugSplatNative.res
 0004:00000ad0       $R0009B0                   10074ad0     BugSplatNative.res

 Exports

  ordinal    name

        1    ??0BugSplatImp@@QAE@XZ (public: __thiscall BugSplatImp::BugSplatImp(void))
        2    ??0MiniDmpSender@@QAE@ABV0@@Z (public: __thiscall MiniDmpSender::MiniDmpSender(class MiniDmpSender const &))
        3    ??0MiniDmpSender@@QAE@PB_W000K@Z (public: __thiscall MiniDmpSender::MiniDmpSender(wchar_t const *,wchar_t const *,wchar_t const *,wchar_t const *,unsigned long))
        4    ??1MiniDmpSender@@UAE@XZ (public: virtual __thiscall MiniDmpSender::~MiniDmpSender(void))
        5    ??4BugSplatImp@@QAEAAV0@$$QAV0@@Z (public: class BugSplatImp & __thiscall BugSplatImp::operator=(class BugSplatImp &&))
        6    ??4BugSplatImp@@QAEAAV0@ABV0@@Z (public: class BugSplatImp & __thiscall BugSplatImp::operator=(class BugSplatImp const &))
        7    ??4MiniDmpSender@@QAEAAV0@ABV0@@Z (public: class MiniDmpSender & __thiscall MiniDmpSender::operator=(class MiniDmpSender const &))
        8    ??_7MiniDmpSender@@6B@ (const MiniDmpSender::`vftable')
        9    ?CreateMiniDump@BugSplatImp@@QAEHPAUHINSTANCE__@@KPAXKPAU_EXCEPTION_POINTERS@@W4_BS_MINIDUMP_TYPE@MiniDmpSender@@PB_WPA_WK@Z (public: int __thiscall BugSplatImp::CreateMiniDump(struct HINSTANCE__ *,unsigned long,void *,unsigned long,struct _EXCEPTION_POINTERS *,enum MiniDmpSender::_BS_MINIDUMP_TYPE,wchar_t const *,wchar_t *,unsigned long))
       10    ?GetReducedGuid@BugSplatImp@@QAEXPA_WK@Z (public: void __thiscall BugSplatImp::GetReducedGuid(wchar_t *,unsigned long))
       11    ?ReduceGuidString@BugSplatImp@@QAEXPA_WK@Z (public: void __thiscall BugSplatImp::ReduceGuidString(wchar_t *,unsigned long))
       12    ?ResumeSuspendedThreads@BugSplatImp@@QAEXXZ (public: void __thiscall BugSplatImp::ResumeSuspendedThreads(void))
       13    ?SuspendAllThreadsInProcess@BugSplatImp@@QAEXPAX@Z (public: void __thiscall BugSplatImp::SuspendAllThreadsInProcess(void *))
       14    ?SuspendThreadsInCurrentProcess@BugSplatImp@@QAEXXZ (public: void __thiscall BugSplatImp::SuspendThreadsInCurrentProcess(void))
       15    ?createAsanReport@MiniDmpSender@@QAEXPBD@Z (public: void __thiscall MiniDmpSender::createAsanReport(char const *))
       16    ?createReport@MiniDmpSender@@QAEXPAU_EXCEPTION_POINTERS@@@Z (public: void __thiscall MiniDmpSender::createReport(struct _EXCEPTION_POINTERS *))
       17    ?createReport@MiniDmpSender@@QAEXPB_W@Z (public: void __thiscall MiniDmpSender::createReport(wchar_t const *))
       18    ?createReportAndExit@MiniDmpSender@@QAEXXZ (public: void __thiscall MiniDmpSender::createReportAndExit(void))
       19    ?disableNetworkAccess@MiniDmpSender@@QAE_N_N@Z (public: bool __thiscall MiniDmpSender::disableNetworkAccess(bool))
       20    ?enableExceptionFilter@MiniDmpSender@@QAE_N_N@Z (public: bool __thiscall MiniDmpSender::enableExceptionFilter(bool))
       21    ?getFlags@MiniDmpSender@@QBEKXZ (public: unsigned long __thiscall MiniDmpSender::getFlags(void)const )
       22    ?getMiniDumpType@MiniDmpSender@@QBE?AW4_BS_MINIDUMP_TYPE@1@XZ (public: enum MiniDmpSender::_BS_MINIDUMP_TYPE __thiscall MiniDmpSender::getMiniDumpType(void)const )
       23    ?getMinidumpPath@MiniDmpSender@@QAEXPA_WI@Z (public: void __thiscall MiniDmpSender::getMinidumpPath(wchar_t *,unsigned int))
       24    ?imp@MiniDmpSender@@QAEPAXXZ (public: void * __thiscall MiniDmpSender::imp(void))
       25    ?isExceptionFilterEnabled@MiniDmpSender@@QBE_NXZ (public: bool __thiscall MiniDmpSender::isExceptionFilterEnabled(void)const )
       26    ?isNetworkAccessDisabled@MiniDmpSender@@QBE_NXZ (public: bool __thiscall MiniDmpSender::isNetworkAccessDisabled(void)const )
       27    ?removeAdditionalFile@MiniDmpSender@@QAE_NPB_W@Z (public: bool __thiscall MiniDmpSender::removeAdditionalFile(wchar_t const *))
       28    ?resetAppIdentifier@MiniDmpSender@@QAEXPB_W@Z (public: void __thiscall MiniDmpSender::resetAppIdentifier(wchar_t const *))
       29    ?resetVersionString@MiniDmpSender@@QAEXPB_W@Z (public: void __thiscall MiniDmpSender::resetVersionString(wchar_t const *))
       30    ?sendAdditionalFile@MiniDmpSender@@QAEXPB_W@Z (public: void __thiscall MiniDmpSender::sendAdditionalFile(wchar_t const *))
       31    ?setCallback@MiniDmpSender@@QAEXP6A_NIPAX0@Z@Z (public: void __thiscall MiniDmpSender::setCallback(bool (__cdecl*)(unsigned int,void *,void *)))
       32    ?setDefaultUserDescription@MiniDmpSender@@QAEXPB_W@Z (public: void __thiscall MiniDmpSender::setDefaultUserDescription(wchar_t const *))
       33    ?setDefaultUserEmail@MiniDmpSender@@QAEXPB_W@Z (public: void __thiscall MiniDmpSender::setDefaultUserEmail(wchar_t const *))
       34    ?setDefaultUserName@MiniDmpSender@@QAEXPB_W@Z (public: void __thiscall MiniDmpSender::setDefaultUserName(wchar_t const *))
       35    ?setFlags@MiniDmpSender@@QAE_NK@Z (public: bool __thiscall MiniDmpSender::setFlags(unsigned long))
       36    ?setGuardByteBufferSize@MiniDmpSender@@QAEHH@Z (public: int __thiscall MiniDmpSender::setGuardByteBufferSize(int))
       37    ?setHangDetectionTimeout@MiniDmpSender@@QAEHH@Z (public: int __thiscall MiniDmpSender::setHangDetectionTimeout(int))
       38    ?setLogFilePath@MiniDmpSender@@QAEXPB_W@Z (public: void __thiscall MiniDmpSender::setLogFilePath(wchar_t const *))
       39    ?setMiniDumpType@MiniDmpSender@@QAEXW4_BS_MINIDUMP_TYPE@1@@Z (public: void __thiscall MiniDmpSender::setMiniDumpType(enum MiniDmpSender::_BS_MINIDUMP_TYPE))
       40    ?setNotes@MiniDmpSender@@QAEXPB_W@Z (public: void __thiscall MiniDmpSender::setNotes(wchar_t const *))
       41    ?setResourceDllPath@MiniDmpSender@@QAEXPB_W@Z (public: void __thiscall MiniDmpSender::setResourceDllPath(wchar_t const *))
       42    ?setUserZipPath@MiniDmpSender@@QAEXPB_W@Z (public: void __thiscall MiniDmpSender::setUserZipPath(wchar_t const *))
       43    ?unhandledExceptionHandler@MiniDmpSender@@QAEJPAU_EXCEPTION_POINTERS@@@Z (public: long __thiscall MiniDmpSender::unhandledExceptionHandler(struct _EXCEPTION_POINTERS *))
